Archive member included to satisfy reference by file (symbol)

/home/user/Документы/AT32IDE/platform/tools/gcc-arm-none-eabi-10.3-2021.10/bin/../lib/gcc/arm-none-eabi/10.3.1/../../../../arm-none-eabi/lib/thumb/v7e-m+fp/hard/libg_nano.a(lib_a-exit.o)
                              /home/user/Документы/AT32IDE/platform/tools/gcc-arm-none-eabi-10.3-2021.10/bin/../lib/gcc/arm-none-eabi/10.3.1/../../../../arm-none-eabi/lib/thumb/v7e-m+fp/hard/crt0.o (exit)
/home/user/Документы/AT32IDE/platform/tools/gcc-arm-none-eabi-10.3-2021.10/bin/../lib/gcc/arm-none-eabi/10.3.1/../../../../arm-none-eabi/lib/thumb/v7e-m+fp/hard/libg_nano.a(lib_a-impure.o)
                              /home/user/Документы/AT32IDE/platform/tools/gcc-arm-none-eabi-10.3-2021.10/bin/../lib/gcc/arm-none-eabi/10.3.1/../../../../arm-none-eabi/lib/thumb/v7e-m+fp/hard/libg_nano.a(lib_a-exit.o) (_global_impure_ptr)
/home/user/Документы/AT32IDE/platform/tools/gcc-arm-none-eabi-10.3-2021.10/bin/../lib/gcc/arm-none-eabi/10.3.1/../../../../arm-none-eabi/lib/thumb/v7e-m+fp/hard/libg_nano.a(lib_a-init.o)
                              /home/user/Документы/AT32IDE/platform/tools/gcc-arm-none-eabi-10.3-2021.10/bin/../lib/gcc/arm-none-eabi/10.3.1/../../../../arm-none-eabi/lib/thumb/v7e-m+fp/hard/crt0.o (__libc_init_array)
/home/user/Документы/AT32IDE/platform/tools/gcc-arm-none-eabi-10.3-2021.10/bin/../lib/gcc/arm-none-eabi/10.3.1/../../../../arm-none-eabi/lib/thumb/v7e-m+fp/hard/libg_nano.a(lib_a-memcpy-stub.o)
                              ./user/encoder_navigation.o (memcpy)
/home/user/Документы/AT32IDE/platform/tools/gcc-arm-none-eabi-10.3-2021.10/bin/../lib/gcc/arm-none-eabi/10.3.1/../../../../arm-none-eabi/lib/thumb/v7e-m+fp/hard/libg_nano.a(lib_a-memset.o)
                              /home/user/Документы/AT32IDE/platform/tools/gcc-arm-none-eabi-10.3-2021.10/bin/../lib/gcc/arm-none-eabi/10.3.1/../../../../arm-none-eabi/lib/thumb/v7e-m+fp/hard/crt0.o (memset)
/home/user/Документы/AT32IDE/platform/tools/gcc-arm-none-eabi-10.3-2021.10/bin/../lib/gcc/arm-none-eabi/10.3.1/../../../../arm-none-eabi/lib/thumb/v7e-m+fp/hard/libg_nano.a(lib_a-setvbuf.o)
                              ./bsp/at32f403a_407_board.o (setvbuf)
/home/user/Документы/AT32IDE/platform/tools/gcc-arm-none-eabi-10.3-2021.10/bin/../lib/gcc/arm-none-eabi/10.3.1/../../../../arm-none-eabi/lib/thumb/v7e-m+fp/hard/libg_nano.a(lib_a-swprintf.o)
                              ./user/menu_functions.o (swprintf)
/home/user/Документы/AT32IDE/platform/tools/gcc-arm-none-eabi-10.3-2021.10/bin/../lib/gcc/arm-none-eabi/10.3.1/../../../../arm-none-eabi/lib/thumb/v7e-m+fp/hard/libg_nano.a(lib_a-wcscpy.o)
                              ./user/menu_functions.o (wcscpy)
/home/user/Документы/AT32IDE/platform/tools/gcc-arm-none-eabi-10.3-2021.10/bin/../lib/gcc/arm-none-eabi/10.3.1/../../../../arm-none-eabi/lib/thumb/v7e-m+fp/hard/libg_nano.a(lib_a-wcstol.o)
                              ./user/menu_functions.o (wcstol)
/home/user/Документы/AT32IDE/platform/tools/gcc-arm-none-eabi-10.3-2021.10/bin/../lib/gcc/arm-none-eabi/10.3.1/../../../../arm-none-eabi/lib/thumb/v7e-m+fp/hard/libg_nano.a(lib_a-fflush.o)
                              /home/user/Документы/AT32IDE/platform/tools/gcc-arm-none-eabi-10.3-2021.10/bin/../lib/gcc/arm-none-eabi/10.3.1/../../../../arm-none-eabi/lib/thumb/v7e-m+fp/hard/libg_nano.a(lib_a-setvbuf.o) (_fflush_r)
/home/user/Документы/AT32IDE/platform/tools/gcc-arm-none-eabi-10.3-2021.10/bin/../lib/gcc/arm-none-eabi/10.3.1/../../../../arm-none-eabi/lib/thumb/v7e-m+fp/hard/libg_nano.a(lib_a-findfp.o)
                              /home/user/Документы/AT32IDE/platform/tools/gcc-arm-none-eabi-10.3-2021.10/bin/../lib/gcc/arm-none-eabi/10.3.1/../../../../arm-none-eabi/lib/thumb/v7e-m+fp/hard/libg_nano.a(lib_a-setvbuf.o) (__sinit)
/home/user/Документы/AT32IDE/platform/tools/gcc-arm-none-eabi-10.3-2021.10/bin/../lib/gcc/arm-none-eabi/10.3.1/../../../../arm-none-eabi/lib/thumb/v7e-m+fp/hard/libg_nano.a(lib_a-fwalk.o)
                              /home/user/Документы/AT32IDE/platform/tools/gcc-arm-none-eabi-10.3-2021.10/bin/../lib/gcc/arm-none-eabi/10.3.1/../../../../arm-none-eabi/lib/thumb/v7e-m+fp/hard/libg_nano.a(lib_a-findfp.o) (_fwalk)
/home/user/Документы/AT32IDE/platform/tools/gcc-arm-none-eabi-10.3-2021.10/bin/../lib/gcc/arm-none-eabi/10.3.1/../../../../arm-none-eabi/lib/thumb/v7e-m+fp/hard/libg_nano.a(lib_a-iswspace_l.o)
                              /home/user/Документы/AT32IDE/platform/tools/gcc-arm-none-eabi-10.3-2021.10/bin/../lib/gcc/arm-none-eabi/10.3.1/../../../../arm-none-eabi/lib/thumb/v7e-m+fp/hard/libg_nano.a(lib_a-wcstol.o) (iswspace_l)
/home/user/Документы/AT32IDE/platform/tools/gcc-arm-none-eabi-10.3-2021.10/bin/../lib/gcc/arm-none-eabi/10.3.1/../../../../arm-none-eabi/lib/thumb/v7e-m+fp/hard/libg_nano.a(lib_a-locale.o)
[...]
Memory Configuration

Name             Origin             Length             Attributes
FLASH            0x0000000008000000 0x0000000000100000 xr
RAM              0x0000000020000000 0x0000000000018000 xrw
SPIM             0x0000000008400000 0x0000000001000000 xr
*default*        0x0000000000000000 0xffffffffffffffff

Linker script and memory map

LOAD /home/user/Документы/AT32IDE/platform/tools/gcc-arm-none-eabi-10.3-2021.10/bin/../lib/gcc/arm-none-eabi/10.3.1/thumb/v7e-m+fp/hard/crti.o
LOAD /home/user/Документы/AT32IDE/platform/tools/gcc-arm-none-eabi-10.3-2021.10/bin/../lib/gcc/arm-none-eabi/10.3.1/thumb/v7e-m+fp/hard/crtbegin.o
LOAD /home/user/Документы/AT32IDE/platform/tools/gcc-arm-none-eabi-10.3-2021.10/bin/../lib/gcc/arm-none-eabi/10.3.1/../../../../arm-none-eabi/lib/thumb/v7e-m+fp/hard/crt0.o
LOAD ./user/hardware/spi/at32_video_ev_spi.o
LOAD ./user/hardware/lcd/at32_video_ev_font.o
LOAD ./user/hardware/lcd/at32_video_ev_lcd.o
LOAD ./user/at32f403a_407_clock.o
LOAD ./user/at32f403a_407_config.o
LOAD ./user/at32f403a_407_int.o
LOAD ./user/eeprom.o
LOAD ./user/encoder_navigation.o
LOAD ./user/images.o
LOAD ./user/main.o
LOAD ./user/menu_functions.o
LOAD ./user/ssd1306_menu.o
LOAD ./firmware/at32f403a_407_acc.o
LOAD ./firmware/at32f403a_407_adc.o
LOAD ./firmware/at32f403a_407_bpr.o
LOAD ./firmware/at32f403a_407_can.o
LOAD ./firmware/at32f403a_407_crc.o
LOAD ./firmware/at32f403a_407_crm.o
LOAD ./firmware/at32f403a_407_dac.o
LOAD ./firmware/at32f403a_407_debug.o
LOAD ./firmware/at32f403a_407_dma.o
LOAD ./firmware/at32f403a_407_emac.o
LOAD ./firmware/at32f403a_407_exint.o
LOAD ./firmware/at32f403a_407_flash.o
LOAD ./firmware/at32f403a_407_gpio.o
LOAD ./firmware/at32f403a_407_i2c.o
LOAD ./firmware/at32f403a_407_misc.o
LOAD ./firmware/at32f403a_407_pwc.o
LOAD ./firmware/at32f403a_407_rtc.o
LOAD ./firmware/at32f403a_407_sdio.o
LOAD ./firmware/at32f403a_407_spi.o
LOAD ./firmware/at32f403a_407_tmr.o
LOAD ./firmware/at32f403a_407_usart.o
LOAD ./firmware/at32f403a_407_usb.o
LOAD ./firmware/at32f403a_407_wdt.o
LOAD ./firmware/at32f403a_407_wwdt.o
LOAD ./firmware/at32f403a_407_xmc.o
LOAD ./cmsis/startup_at32f403a_407.o
LOAD ./cmsis/system_at32f403a_407.o
LOAD ./bsp/at32f403a_407_board.o
START GROUP
LOAD /home/user/Документы/AT32IDE/platform/tools/gcc-arm-none-eabi-10.3-2021.10/bin/../lib/gcc/arm-none-eabi/10.3.1/thumb/v7e-m+fp/hard/libgcc.a
LOAD /home/user/Документы/AT32IDE/platform/tools/gcc-arm-none-eabi-10.3-2021.10/bin/../lib/gcc/arm-none-eabi/10.3.1/../../../../arm-none-eabi/lib/thumb/v7e-m+fp/hard/libg_nano.a
LOAD /home/user/Документы/AT32IDE/platform/tools/gcc-arm-none-eabi-10.3-2021.10/bin/../lib/gcc/arm-none-eabi/10.3.1/../../../../arm-none-eabi/lib/thumb/v7e-m+fp/hard/libc_nano.a
END GROUP
START GROUP
LOAD /home/user/Документы/AT32IDE/platform/tools/gcc-arm-none-eabi-10.3-2021.10/bin/../lib/gcc/arm-none-eabi/10.3.1/thumb/v7e-m+fp/hard/libgcc.a
LOAD /home/user/Документы/AT32IDE/platform/tools/gcc-arm-none-eabi-10.3-2021.10/bin/../lib/gcc/arm-none-eabi/10.3.1/../../../../arm-none-eabi/lib/thumb/v7e-m+fp/hard/libc_nano.a
LOAD /home/user/Документы/AT32IDE/platform/tools/gcc-arm-none-eabi-10.3-2021.10/bin/../lib/gcc/arm-none-eabi/10.3.1/../../../../arm-none-eabi/lib/thumb/v7e-m+fp/hard/libnosys.a
END GROUP
START GROUP
LOAD /home/user/Документы/AT32IDE/platform/tools/gcc-arm-none-eabi-10.3-2021.10/bin/../lib/gcc/arm-none-eabi/10.3.1/thumb/v7e-m+fp/hard/libgcc.a
LOAD /home/user/Документы/AT32IDE/platform/tools/gcc-arm-none-eabi-10.3-2021.10/bin/../lib/gcc/arm-none-eabi/10.3.1/../../../../arm-none-eabi/lib/thumb/v7e-m+fp/hard/libc_nano.a
LOAD /home/user/Документы/AT32IDE/platform/tools/gcc-arm-none-eabi-10.3-2021.10/bin/../lib/gcc/arm-none-eabi/10.3.1/../../../../arm-none-eabi/lib/thumb/v7e-m+fp/hard/libnosys.a
END GROUP
LOAD /home/user/Документы/AT32IDE/platform/tools/gcc-arm-none-eabi-10.3-2021.10/bin/../lib/gcc/arm-none-eabi/10.3.1/thumb/v7e-m+fp/hard/crtend.o
LOAD /home/user/Документы/AT32IDE/platform/tools/gcc-arm-none-eabi-10.3-2021.10/bin/../lib/gcc/arm-none-eabi/10.3.1/thumb/v7e-m+fp/hard/crtn.o
                0x0000000020018000                _estack = 0x20018000
                0x0000000000000200                _Min_Heap_Size = 0x200
                0x0000000000000400                _Min_Stack_Size = 0x400

.isr_vector     0x0000000008000000      0x184
                0x0000000008000000                . = ALIGN (0x4)
 *(.isr_vector)
 .isr_vector    0x0000000008000000      0x184 ./cmsis/startup_at32f403a_407.o
                0x0000000008000000                g_pfnVectors
                0x0000000008000184                . = ALIGN (0x4)

.text           0x0000000008000190     0x9d44
                0x0000000008000190                . = ALIGN (0x4)
 *(.text)
 .text          0x0000000008000190       0x40 /home/user/Документы/AT32IDE/platform/tools/gcc-arm-none-eabi-10.3-2021.10/bin/../lib/gcc/arm-none-eabi/10.3.1/thumb/v7e-m+fp/hard/crtbegin.o
 .text          0x00000000080001d0       0xa0 /home/user/Документы/AT32IDE/platform/tools/gcc-arm-none-eabi-10.3-2021.10/bin/../lib/gcc/arm-none-eabi/10.3.1/../../../../arm-none-eabi/lib/thumb/v7e-m+fp/hard/libg_nano.a(lib_a-memchr.o)
                0x00000000080001d0                memchr
 .text          0x0000000008000270       0x10 /home/user/Документы/AT32IDE/platform/tools/gcc-arm-none-eabi-10.3-2021.10/bin/../lib/gcc/arm-none-eabi/10.3.1/../../../../arm-none-eabi/lib/thumb/v7e-m+fp/hard/libg_nano.a(lib_a-strlen.o)
                0x0000000008000270                strlen
 .text          0x0000000008000280      0x378 /home/user/Документы/AT32IDE/platform/tools/gcc-arm-none-eabi-10.3-2021.10/bin/../lib/gcc/arm-none-eabi/10.3.1/thumb/v7e-m+fp/hard/libgcc.a(_arm_addsubdf3.o)
                0x0000000008000280                __aeabi_drsub
                0x0000000008000288                __aeabi_dsub
                0x0000000008000288                __subdf3
                0x000000000800028c                __adddf3
                0x000000000800028c                __aeabi_dadd
                0x0000000008000504                __aeabi_ui2d
                0x0000000008000504                __floatunsidf
                0x0000000008000524                __floatsidf
                0x0000000008000524                __aeabi_i2d
                0x0000000008000548                __extendsfdf2
                0x0000000008000548                __aeabi_f2d
                0x000000000800058c                __aeabi_ul2d
                0x000000000800058c                __floatundidf
                0x000000000800059c                __floatdidf
                0x000000000800059c                __aeabi_l2d
 .text          0x00000000080005f8      0x424 /home/user/Документы/AT32IDE/platform/tools/gcc-arm-none-eabi-10.3-2021.10/bin/../lib/gcc/arm-none-eabi/10.3.1/thumb/v7e-m+fp/hard/libgcc.a(_arm_muldivdf3.o)
                0x00000000080005f8                __aeabi_dmul
                0x00000000080005f8                __muldf3
                0x000000000800084c                __aeabi_ddiv
                0x000000000800084c                __divdf3
 .text          0x0000000008000a1c      0x110 /home/user/Документы/AT32IDE/platform/tools/gcc-arm-none-eabi-10.3-2021.10/bin/../lib/gcc/arm-none-eabi/10.3.1/thumb/v7e-m+fp/hard/libgcc.a(_arm_cmpdf2.o)
                0x0000000008000a1c                __gtdf2
                0x0000000008000a1c                __gedf2
                0x0000000008000a24                __ltdf2
                0x0000000008000a24                __ledf2
                0x0000000008000a2c                __cmpdf2
                0x0000000008000a2c                __eqdf2
                0x0000000008000a2c                __nedf2
                0x0000000008000aa8                __aeabi_cdrcmple
                0x0000000008000ab8                __aeabi_cdcmple
                0x0000000008000ab8                __aeabi_cdcmpeq
                0x0000000008000ac8                __aeabi_dcmpeq
                0x0000000008000adc                __aeabi_dcmplt
                0x0000000008000af0                __aeabi_dcmple
                0x0000000008000b04                __aeabi_dcmpge
                0x0000000008000b18                __aeabi_dcmpgt
 .text          0x0000000008000b2c       0x2c /home/user/Документы/AT32IDE/platform/tools/gcc-arm-none-eabi-10.3-2021.10/bin/../lib/gcc/arm-none-eabi/10.3.1/thumb/v7e-m+fp/hard/libgcc.a(_arm_unorddf2.o)
                0x0000000008000b2c                __aeabi_dcmpun
                0x0000000008000b2c                __unorddf2
 .text          0x0000000008000b58       0x50 /home/user/Документы/AT32IDE/platform/tools/gcc-arm-none-eabi-10.3-2021.10/bin/../lib/gcc/arm-none-eabi/10.3.1/thumb/v7e-m+fp/hard/libgcc.a(_arm_fixdfsi.o)
                0x0000000008000b58                __fixdfsi
                0x0000000008000b58                __aeabi_d2iz
 *(.text*)
 .text.lcd_hw_init
                0x0000000008000ba8      0x1ac ./user/hardware/spi/at32_video_ev_spi.o
                0x0000000008000ba8                lcd_hw_init
 .text.lcd_spi1_write
                0x0000000008000d54       0x70 ./user/hardware/spi/at32_video_ev_spi.o
                0x0000000008000d54                lcd_spi1_write
 .text.getFontDataIndex
                0x0000000008000dc4       0xa2 ./user/hardware/lcd/at32_video_ev_font.o
                0x0000000008000dc4                getFontDataIndex
 *fill*         0x0000000008000e66        0x2 
 .text.lcd_display_buffer
                0x0000000008000e68       0x54 ./user/hardware/lcd/at32_video_ev_lcd.o
                0x0000000008000e68                lcd_display_buffer
 .text.lcd_wr_reg
                0x0000000008000ebc       0x2c ./user/hardware/lcd/at32_video_ev_lcd.o
                0x0000000008000ebc                lcd_wr_reg
 .text.lcd_wr_data
                0x0000000008000ee8       0x1a ./user/hardware/lcd/at32_video_ev_lcd.o
                0x0000000008000ee8                lcd_wr_data
 .text.lcd_wr_data16
                0x0000000008000f02       0x2a ./user/hardware/lcd/at32_video_ev_lcd.o
                0x0000000008000f02                lcd_wr_data16
 .text.lcd_draw_point
                0x0000000008000f2c       0x44 ./user/hardware/lcd/at32_video_ev_lcd.o
                0x0000000008000f2c                lcd_draw_point
 .text.st7735s_DrawBitmap
                0x0000000008000f70       0xfe ./user/hardware/lcd/at32_video_ev_lcd.o
                0x0000000008000f70                st7735s_DrawBitmap
 *fill*         0x000000000800106e        0x2 
 .text.blend_colors2
                0x0000000008001070       0xd8 ./user/hardware/lcd/at32_video_ev_lcd.o
                0x0000000008001070                blend_colors2
 .text.draw_transparent_png
                0x0000000008001148       0xdc ./user/hardware/lcd/at32_video_ev_lcd.o
                0x0000000008001148                draw_transparent_png
 .text.lcd_draw_line
                0x0000000008001224      0x10a ./user/hardware/lcd/at32_video_ev_lcd.o
                0x0000000008001224                lcd_draw_line
 .text.lcd_draw_filled_rectangle
                0x000000000800132e       0x64 ./user/hardware/lcd/at32_video_ev_lcd.o
                0x000000000800132e                lcd_draw_filled_rectangle
 .text.lcd_draw_circle_helper
                0x0000000008001392      0x17c ./user/hardware/lcd/at32_video_ev_lcd.o
                0x0000000008001392                lcd_draw_circle_helper
 .text.lcd_draw_filled_circle_helper
                0x000000000800150e      0x1a0 ./user/hardware/lcd/at32_video_ev_lcd.o
                0x000000000800150e                lcd_draw_filled_circle_helper
 .text.lcd_draw_round_rect
                0x00000000080016ae      0x18a ./user/hardware/lcd/at32_video_ev_lcd.o
                0x00000000080016ae                lcd_draw_round_rect
 .text.lcd_draw_filled_round_rect
                0x0000000008001838      0x1a0 ./user/hardware/lcd/at32_video_ev_lcd.o
                0x0000000008001838                lcd_draw_filled_round_rect
 .text.lcd_fill_circle
                0x00000000080019d8      0x194 ./user/hardware/lcd/at32_video_ev_lcd.o
                0x00000000080019d8                lcd_fill_circle
 .text.lcd_show_string
                0x0000000008001b6c       0xf8 ./user/hardware/lcd/at32_video_ev_lcd.o
                0x0000000008001b6c                lcd_show_string
 .text.lcd_show_char
                0x0000000008001c64      0x17c ./user/hardware/lcd/at32_video_ev_lcd.o
                0x0000000008001c64                lcd_show_char
 .text.blend_colors
                0x0000000008001de0       0xaa ./user/hardware/lcd/at32_video_ev_lcd.o
                0x0000000008001de0                blend_colors
 *fill*         0x0000000008001e8a        0x2 
 .text.lcd_set_window
                0x0000000008001e8c       0x98 ./user/hardware/lcd/at32_video_ev_lcd.o
                0x0000000008001e8c                lcd_set_window
 .text.lcd_scan_dir
                0x0000000008001f24       0xe8 ./user/hardware/lcd/at32_video_ev_lcd.o
                0x0000000008001f24                lcd_scan_dir
 .text.st7735s_initial
                0x000000000800200c      0x1dc ./user/hardware/lcd/at32_video_ev_lcd.o
                0x000000000800200c                st7735s_initial
 .text.lcd_init
                0x00000000080021e8       0x4c ./user/hardware/lcd/at32_video_ev_lcd.o
                0x00000000080021e8                lcd_init
 .text.lcd_clear
                0x0000000008002234       0x3c ./user/hardware/lcd/at32_video_ev_lcd.o
                0x0000000008002234                lcd_clear
 .text.system_clock_config
                0x0000000008002270       0x7a ./user/at32f403a_407_clock.o
                0x0000000008002270                system_clock_config
 *fill*         0x00000000080022ea        0x2 
 .text.wk_tmr2_init
                0x00000000080022ec       0xf0 ./user/at32f403a_407_config.o
                0x00000000080022ec                wk_tmr2_init
 .text.wk_exint_config
                0x00000000080023dc       0x64 ./user/at32f403a_407_config.o
                0x00000000080023dc                wk_exint_config
 .text.__NVIC_SetPriority
                0x0000000008002440       0x54 ./user/at32f403a_407_int.o
 .text.SysTick_Config
                0x0000000008002494       0x44 ./user/at32f403a_407_int.o
 .text.init_millis
                0x00000000080024d8       0x2c ./user/at32f403a_407_int.o
                0x00000000080024d8                init_millis
 .text.get_millis
                0x0000000008002504       0x18 ./user/at32f403a_407_int.o
                0x0000000008002504                get_millis
 .text.NMI_Handler
                0x000000000800251c        0xe ./user/at32f403a_407_int.o
                0x000000000800251c                NMI_Handler
 .text.HardFault_Handler
                0x000000000800252a        0x6 ./user/at32f403a_407_int.o
                0x000000000800252a                HardFault_Handler
 .text.MemManage_Handler
                0x0000000008002530        0x6 ./user/at32f403a_407_int.o
                0x0000000008002530                MemManage_Handler
 .text.BusFault_Handler
                0x0000000008002536        0x6 ./user/at32f403a_407_int.o
                0x0000000008002536                BusFault_Handler
 .text.UsageFault_Handler
                0x000000000800253c        0x6 ./user/at32f403a_407_int.o
                0x000000000800253c                UsageFault_Handler
 .text.SVC_Handler
                0x0000000008002542        0xe ./user/at32f403a_407_int.o
                0x0000000008002542                SVC_Handler
 .text.DebugMon_Handler
                0x0000000008002550        0xe ./user/at32f403a_407_int.o
                0x0000000008002550                DebugMon_Handler
 .text.PendSV_Handler
                0x000000000800255e        0xe ./user/at32f403a_407_int.o
                0x000000000800255e                PendSV_Handler
 .text.SysTick_Handler
                0x000000000800256c       0x1c ./user/at32f403a_407_int.o
                0x000000000800256c                SysTick_Handler
 .text.delay_unblocked
                0x0000000008002588       0xc4 ./user/at32f403a_407_int.o
                0x0000000008002588                delay_unblocked
 .text.TMR3_GLOBAL_IRQHandler
                0x000000000800264c       0x2c ./user/at32f403a_407_int.o
                0x000000000800264c                TMR3_GLOBAL_IRQHandler
 .text.flash_ee_page_erase
                0x0000000008002678       0x42 ./user/eeprom.o
                0x0000000008002678                flash_ee_page_erase
 *fill*         0x00000000080026ba        0x2 
 .text.flash_ee_valid_page_get
                0x00000000080026bc       0x8c ./user/eeprom.o
                0x00000000080026bc                flash_ee_valid_page_get
 .text.flash_ee_write_no_check
                0x0000000008002748       0xb8 ./user/eeprom.o
                0x0000000008002748                flash_ee_write_no_check
 .text.flash_ee_copy_to_new_page
                0x0000000008002800       0xf8 ./user/eeprom.o
                0x0000000008002800                flash_ee_copy_to_new_page
 .text.flash_ee_format
                0x00000000080028f8       0x74 ./user/eeprom.o
                0x00000000080028f8                flash_ee_format
 .text.flash_ee_format_check
                0x000000000800296c       0x66 ./user/eeprom.o
                0x000000000800296c                flash_ee_format_check
 *fill*         0x00000000080029d2        0x2 
 .text.flash_ee_full_check
                0x00000000080029d4       0x64 ./user/eeprom.o
                0x00000000080029d4                flash_ee_full_check
 .text.flash_ee_erase_transfer
                0x0000000008002a38       0x58 ./user/eeprom.o
                0x0000000008002a38                flash_ee_erase_transfer
 .text.flash_ee_valid_transfer
                0x0000000008002a90       0x64 ./user/eeprom.o
                0x0000000008002a90                flash_ee_valid_transfer
 .text.flash_ee_init
                0x0000000008002af4      0x168 ./user/eeprom.o
                0x0000000008002af4                flash_ee_init
 .text.flash_ee_data_write
                0x0000000008002c5c       0x70 ./user/eeprom.o
                0x0000000008002c5c                flash_ee_data_write
 .text.flash_ee_data_read
                0x0000000008002ccc       0x8c ./user/eeprom.o
                0x0000000008002ccc                flash_ee_data_read
 .text.encoder_handler
                0x0000000008002d58       0xe4 ./user/encoder_navigation.o
                0x0000000008002d58                encoder_handler
 .text.TMR2_GLOBAL_IRQHandler
                0x0000000008002e3c       0xd8 ./user/encoder_navigation.o
                0x0000000008002e3c                TMR2_GLOBAL_IRQHandler
 .text.button_handlers
                0x0000000008002f14       0xac ./user/encoder_navigation.o
                0x0000000008002f14                button_handlers
 .text.EXINT2_IRQHandler
                0x0000000008002fc0       0x70 ./user/encoder_navigation.o
                0x0000000008002fc0                EXINT2_IRQHandler
 .text.extend_sram
                0x0000000008003030       0x30 ./user/main.o
                0x0000000008003030                extend_sram
 .text.main     0x0000000008003060       0x88 ./user/main.o
                0x0000000008003060                main
 .text.handleButton
                0x00000000080030e8       0xe0 ./user/main.o
                0x00000000080030e8                handleButton
 .text.crm_configuration
                0x00000000080031c8       0xac ./user/main.o
                0x00000000080031c8                crm_configuration
 .text.nvic_configuration
                0x0000000008003274       0x4e ./user/main.o
                0x0000000008003274                nvic_configuration
 *fill*         0x00000000080032c2        0x2 
 .text.wk_system_clock_config
                0x00000000080032c4       0x90 ./user/main.o
                0x00000000080032c4                wk_system_clock_config
 .text.apply_changes
                0x0000000008003354       0x5c ./user/menu_functions.o
                0x0000000008003354                apply_changes
 .text.display_up_time
                0x00000000080033b0       0x88 ./user/menu_functions.o
                0x00000000080033b0                display_up_time
 .text.Screen_off
                0x0000000008003438       0x4c ./user/menu_functions.o
                0x0000000008003438                Screen_off
 .text.Geoscan_logotype
                0x0000000008003484      0x314 ./user/menu_functions.o
                0x0000000008003484                Geoscan_logotype
 .text.display_input_interface
                0x0000000008003798      0x294 ./user/menu_functions.o
                0x0000000008003798                display_input_interface
 .text.input_number_handler
                0x0000000008003a2c      0x258 ./user/menu_functions.o
                0x0000000008003a2c                input_number_handler
 .text.color_inversion
                0x0000000008003c84       0x68 ./user/menu_functions.o
                0x0000000008003c84                color_inversion
 .text.Information
                0x0000000008003cec      0x518 ./user/menu_functions.o
                0x0000000008003cec                Information
 .text.Brightness_selected
                0x0000000008004204      0x174 ./user/menu_functions.o
                0x0000000008004204                Brightness_selected
 .text.Back_func
                0x0000000008004378       0x38 ./user/ssd1306_menu.o
                0x0000000008004378                Back_func
 .text.display_status_bar
                0x00000000080043b0       0xf8 ./user/ssd1306_menu.o
                0x00000000080043b0                display_status_bar
 .text.display_menu_item
                0x00000000080044a8      0x2ac ./user/ssd1306_menu.o
                0x00000000080044a8                display_menu_item
 .text.display_scroll_bar
                0x0000000008004754       0xea ./user/ssd1306_menu.o
                0x0000000008004754                display_scroll_bar
 *fill*         0x000000000800483e        0x2 
 .text.display_menu
                0x0000000008004840       0xd0 ./user/ssd1306_menu.o
                0x0000000008004840                display_menu
 .text.calculate_items_to_display
                0x0000000008004910       0x80 ./user/ssd1306_menu.o
                0x0000000008004910                calculate_items_to_display
 .text.menu_init
                0x0000000008004990      0x18c ./user/ssd1306_menu.o
                0x0000000008004990                menu_init
 .text.crm_reset
                0x0000000008004b1c       0x6c ./firmware/at32f403a_407_crm.o
                0x0000000008004b1c                crm_reset
 .text.crm_flag_get
                0x0000000008004b88       0x50 ./firmware/at32f403a_407_crm.o
                0x0000000008004b88                crm_flag_get
 .text.crm_hext_stable_wait
                0x0000000008004bd8       0x4a ./firmware/at32f403a_407_crm.o
                0x0000000008004bd8                crm_hext_stable_wait
 .text.crm_periph_clock_enable
                0x0000000008004c22       0x7c ./firmware/at32f403a_407_crm.o
                0x0000000008004c22                crm_periph_clock_enable
 *fill*         0x0000000008004c9e        0x2 
 .text.crm_clock_source_enable
                0x0000000008004ca0       0xa8 ./firmware/at32f403a_407_crm.o
                0x0000000008004ca0                crm_clock_source_enable
 .text.crm_ahb_div_set
                0x0000000008004d48       0x2c ./firmware/at32f403a_407_crm.o
                0x0000000008004d48                crm_ahb_div_set
 .text.crm_apb1_div_set
                0x0000000008004d74       0x2c ./firmware/at32f403a_407_crm.o
                0x0000000008004d74                crm_apb1_div_set
 .text.crm_apb2_div_set
                0x0000000008004da0       0x2c ./firmware/at32f403a_407_crm.o
                0x0000000008004da0                crm_apb2_div_set
 .text.crm_pll_config
                0x0000000008004dcc       0x9c ./firmware/at32f403a_407_crm.o
                0x0000000008004dcc                crm_pll_config
 .text.crm_sysclk_switch
                0x0000000008004e68       0x54 ./firmware/at32f403a_407_crm.o
                0x0000000008004e68                crm_sysclk_switch
 .text.crm_sysclk_switch_status_get
                0x0000000008004ebc       0x1c ./firmware/at32f403a_407_crm.o
                0x0000000008004ebc                crm_sysclk_switch_status_get
 .text.crm_auto_step_mode_enable
                0x0000000008004ed8       0x38 ./firmware/at32f403a_407_crm.o
                0x0000000008004ed8                crm_auto_step_mode_enable
 .text.crm_hext_clock_div_set
                0x0000000008004f10       0x2c ./firmware/at32f403a_407_crm.o
                0x0000000008004f10                crm_hext_clock_div_set
 .text.dma_reset
                0x0000000008004f3c       0xac ./firmware/at32f403a_407_dma.o
                0x0000000008004f3c                dma_reset
 .text.dma_init
                0x0000000008004fe8       0xc4 ./firmware/at32f403a_407_dma.o
                0x0000000008004fe8                dma_init
 .text.exint_default_para_init
                0x00000000080050ac       0x2c ./firmware/at32f403a_407_exint.o
                0x00000000080050ac                exint_default_para_init
 .text.exint_init
                0x00000000080050d8       0xc8 ./firmware/at32f403a_407_exint.o
                0x00000000080050d8                exint_init
 .text.exint_flag_clear
                0x00000000080051a0       0x3c ./firmware/at32f403a_407_exint.o
                0x00000000080051a0                exint_flag_clear
 .text.flash_operation_status_get
                0x00000000080051dc       0x5c ./firmware/at32f403a_407_flash.o
                0x00000000080051dc                flash_operation_status_get
 .text.flash_bank1_operation_status_get
                0x0000000008005238       0x5c ./firmware/at32f403a_407_flash.o
                0x0000000008005238                flash_bank1_operation_status_get
 .text.flash_bank2_operation_status_get
                0x0000000008005294       0x5c ./firmware/at32f403a_407_flash.o
                0x0000000008005294                flash_bank2_operation_status_get
 .text.flash_spim_operation_status_get
                0x00000000080052f0       0x64 ./firmware/at32f403a_407_flash.o
                0x00000000080052f0                flash_spim_operation_status_get
 .text.flash_operation_wait_for
                0x0000000008005354       0x44 ./firmware/at32f403a_407_flash.o
                0x0000000008005354                flash_operation_wait_for
 .text.flash_bank1_operation_wait_for
                0x0000000008005398       0x44 ./firmware/at32f403a_407_flash.o
                0x0000000008005398                flash_bank1_operation_wait_for
 .text.flash_bank2_operation_wait_for
                0x00000000080053dc       0x44 ./firmware/at32f403a_407_flash.o
                0x00000000080053dc                flash_bank2_operation_wait_for
 .text.flash_spim_operation_wait_for
                0x0000000008005420       0x44 ./firmware/at32f403a_407_flash.o
                0x0000000008005420                flash_spim_operation_wait_for
 .text.flash_unlock
                0x0000000008005464       0x34 ./firmware/at32f403a_407_flash.o
                0x0000000008005464                flash_unlock
 .text.flash_lock
                0x0000000008005498       0x28 ./firmware/at32f403a_407_flash.o
                0x0000000008005498                flash_lock
 .text.flash_sector_erase
                0x00000000080054c0       0xec ./firmware/at32f403a_407_flash.o
                0x00000000080054c0                flash_sector_erase
 .text.flash_user_system_data_erase
                0x00000000080055ac       0xb0 ./firmware/at32f403a_407_flash.o
                0x00000000080055ac                flash_user_system_data_erase
 .text.flash_halfword_program
                0x000000000800565c       0xcc ./firmware/at32f403a_407_flash.o
                0x000000000800565c                flash_halfword_program
 .text.flash_user_system_data_program
                0x0000000008005728       0x80 ./firmware/at32f403a_407_flash.o
                0x0000000008005728                flash_user_system_data_program
 .text.flash_fap_status_get
                0x00000000080057a8       0x1c ./firmware/at32f403a_407_flash.o
                0x00000000080057a8                flash_fap_status_get
 .text.flash_spim_dummy_read
                0x00000000080057c4       0x24 ./firmware/at32f403a_407_flash.o
                0x00000000080057c4                flash_spim_dummy_read
 .text.gpio_init
                0x00000000080057e8      0x138 ./firmware/at32f403a_407_gpio.o
                0x00000000080057e8                gpio_init
 .text.gpio_default_para_init
                0x0000000008005920       0x34 ./firmware/at32f403a_407_gpio.o
                0x0000000008005920                gpio_default_para_init
 .text.gpio_input_data_bit_read
                0x0000000008005954       0x36 ./firmware/at32f403a_407_gpio.o
                0x0000000008005954                gpio_input_data_bit_read
 .text.gpio_pin_remap_config
                0x000000000800598a       0x98 ./firmware/at32f403a_407_gpio.o
                0x000000000800598a                gpio_pin_remap_config
 *fill*         0x0000000008005a22        0x2 
 .text.gpio_exint_line_config
                0x0000000008005a24       0xf8 ./firmware/at32f403a_407_gpio.o
                0x0000000008005a24                gpio_exint_line_config
 .text.__NVIC_SetPriorityGrouping
                0x0000000008005b1c       0x48 ./firmware/at32f403a_407_misc.o
 .text.__NVIC_GetPriorityGrouping
                0x0000000008005b64       0x1c ./firmware/at32f403a_407_misc.o
 .text.__NVIC_EnableIRQ
                0x0000000008005b80       0x3c ./firmware/at32f403a_407_misc.o
 .text.__NVIC_SetPriority
                0x0000000008005bbc       0x54 ./firmware/at32f403a_407_misc.o
 .text.NVIC_EncodePriority
                0x0000000008005c10       0x66 ./firmware/at32f403a_407_misc.o
 *fill*         0x0000000008005c76        0x2 
 .text.__NVIC_SystemReset
                0x0000000008005c78       0x2c ./firmware/at32f403a_407_misc.o
 .text.nvic_system_reset
                0x0000000008005ca4        0x8 ./firmware/at32f403a_407_misc.o
                0x0000000008005ca4                nvic_system_reset
 .text.nvic_irq_enable
                0x0000000008005cac       0x42 ./firmware/at32f403a_407_misc.o
                0x0000000008005cac                nvic_irq_enable
 .text.nvic_priority_group_config
                0x0000000008005cee       0x1a ./firmware/at32f403a_407_misc.o
                0x0000000008005cee                nvic_priority_group_config
 .text.systick_clock_source_config
                0x0000000008005d08       0x3c ./firmware/at32f403a_407_misc.o
                0x0000000008005d08                systick_clock_source_config
 .text.spi_default_para_init
                0x0000000008005d44       0x44 ./firmware/at32f403a_407_spi.o
                0x0000000008005d44                spi_default_para_init
 .text.spi_init
                0x0000000008005d88      0x1a2 ./firmware/at32f403a_407_spi.o
                0x0000000008005d88                spi_init
 .text.spi_enable
                0x0000000008005f2a       0x2a ./firmware/at32f403a_407_spi.o
                0x0000000008005f2a                spi_enable
 .text.spi_i2s_dma_transmitter_enable
                0x0000000008005f54       0x2a ./firmware/at32f403a_407_spi.o
                0x0000000008005f54                spi_i2s_dma_transmitter_enable
 .text.spi_i2s_data_transmit
                0x0000000008005f7e       0x1e ./firmware/at32f403a_407_spi.o
                0x0000000008005f7e                spi_i2s_data_transmit
 .text.spi_i2s_flag_get
                0x0000000008005f9c       0x32 ./firmware/at32f403a_407_spi.o
                0x0000000008005f9c                spi_i2s_flag_get
 .text.tmr_counter_enable
                0x0000000008005fce       0x2a ./firmware/at32f403a_407_tmr.o
                0x0000000008005fce                tmr_counter_enable
 .text.tmr_base_init
                0x0000000008005ff8       0x2e ./firmware/at32f403a_407_tmr.o
                0x0000000008005ff8                tmr_base_init
 .text.tmr_clock_source_div_set
                0x0000000008006026       0x2a ./firmware/at32f403a_407_tmr.o
                0x0000000008006026                tmr_clock_source_div_set
 .text.tmr_cnt_dir_set
                0x0000000008006050       0x2a ./firmware/at32f403a_407_tmr.o
                0x0000000008006050                tmr_cnt_dir_set
 .text.tmr_counter_value_set
                0x000000000800607a       0x1c ./firmware/at32f403a_407_tmr.o
                0x000000000800607a                tmr_counter_value_set
 .text.tmr_counter_value_get
                0x0000000008006096       0x18 ./firmware/at32f403a_407_tmr.o
                0x0000000008006096                tmr_counter_value_get
 .text.tmr_period_value_set
                0x00000000080060ae       0x1c ./firmware/at32f403a_407_tmr.o
                0x00000000080060ae                tmr_period_value_set
 .text.tmr_period_buffer_enable
                0x00000000080060ca       0x2a ./firmware/at32f403a_407_tmr.o
                0x00000000080060ca                tmr_period_buffer_enable
 .text.tmr_input_channel_init
                0x00000000080060f4      0x224 ./firmware/at32f403a_407_tmr.o
                0x00000000080060f4                tmr_input_channel_init
 .text.tmr_primary_mode_select
                0x0000000008006318       0x2a ./firmware/at32f403a_407_tmr.o
                0x0000000008006318                tmr_primary_mode_select
 .text.tmr_sub_sync_mode_set
                0x0000000008006342       0x2a ./firmware/at32f403a_407_tmr.o
                0x0000000008006342                tmr_sub_sync_mode_set
 .text.tmr_interrupt_enable
                0x000000000800636c       0x42 ./firmware/at32f403a_407_tmr.o
                0x000000000800636c                tmr_interrupt_enable
 .text.tmr_flag_get
                0x00000000080063ae       0x32 ./firmware/at32f403a_407_tmr.o
                0x00000000080063ae                tmr_flag_get
 .text.tmr_flag_clear
                0x00000000080063e0       0x1e ./firmware/at32f403a_407_tmr.o
                0x00000000080063e0                tmr_flag_clear
 .text.tmr_encoder_mode_config
                0x00000000080063fe       0xa0 ./firmware/at32f403a_407_tmr.o
                0x00000000080063fe                tmr_encoder_mode_config
 .text.usart_data_transmit
                0x000000000800649e       0x22 ./firmware/at32f403a_407_usart.o
                0x000000000800649e                usart_data_transmit
 .text.usart_flag_get
                0x00000000080064c0       0x28 ./firmware/at32f403a_407_usart.o
                0x00000000080064c0                usart_flag_get
 .text.Reset_Handler
                0x00000000080064e8       0x48 ./cmsis/startup_at32f403a_407.o
                0x00000000080064e8                Reset_Handler
 .text.Default_Handler
                0x0000000008006530        0x2 ./cmsis/startup_at32f403a_407.o
                0x0000000008006530                SDIO1_IRQHandler
                0x0000000008006530                XMC_IRQHandler
                0x0000000008006530                USBFS_L_CAN1_RX0_IRQHandler
                0x0000000008006530                UART8_IRQHandler
                0x0000000008006530                SPI4_IRQHandler
                0x0000000008006530                I2C2_EVT_IRQHandler
                0x0000000008006530                TMR1_OVF_TMR10_IRQHandler
                0x0000000008006530                TMR8_TRG_HALL_TMR14_IRQHandler
                0x0000000008006530                USBFS_H_CAN1_TX_IRQHandler
                0x0000000008006530                I2C1_ERR_IRQHandler
                0x0000000008006530                EXINT9_5_IRQHandler
                0x0000000008006530                EMAC_IRQHandler
                0x0000000008006530                CAN2_RX1_IRQHandler
                0x0000000008006530                TMR5_GLOBAL_IRQHandler
                0x0000000008006530                SDIO2_IRQHandler
                0x0000000008006530                ADC1_2_IRQHandler
                0x0000000008006530                SPI1_IRQHandler
                0x0000000008006530                TAMPER_IRQHandler
                0x0000000008006530                CAN2_RX0_IRQHandler
                0x0000000008006530                DMA2_Channel2_IRQHandler
                0x0000000008006530                DMA1_Channel4_IRQHandler
                0x0000000008006530                TMR8_CH_IRQHandler
                0x0000000008006530                USART6_IRQHandler
                0x0000000008006530                EXINT0_IRQHandler
                0x0000000008006530                USART3_IRQHandler
                0x0000000008006530                RTC_IRQHandler
                0x0000000008006530                DMA1_Channel7_IRQHandler
                0x0000000008006530                CAN1_RX1_IRQHandler
                0x0000000008006530                UART5_IRQHandler
                0x0000000008006530                ADC3_IRQHandler
                0x0000000008006530                ACC_IRQHandler
                0x0000000008006530                EMAC_WKUP_IRQHandler
                0x0000000008006530                DMA2_Channel1_IRQHandler
                0x0000000008006530                EXINT3_IRQHandler
                0x0000000008006530                DMA1_Channel6_IRQHandler
                0x0000000008006530                UART4_IRQHandler
                0x0000000008006530                DMA1_Channel1_IRQHandler
                0x0000000008006530                Default_Handler
                0x0000000008006530                USBFS_MAPH_IRQHandler
                0x0000000008006530                TMR7_GLOBAL_IRQHandler
                0x0000000008006530                CAN1_SE_IRQHandler
                0x0000000008006530                CAN2_TX_IRQHandler
                0x0000000008006530                I2C3_ERR_IRQHandler
                0x0000000008006530                SPI3_I2S3EXT_IRQHandler
                0x0000000008006530                TMR1_BRK_TMR9_IRQHandler
                0x0000000008006530                USBFS_MAPL_IRQHandler
                0x0000000008006530                TMR8_BRK_TMR12_IRQHandler
                0x0000000008006530                TMR1_TRG_HALL_TMR11_IRQHandler
                0x0000000008006530                DMA1_Channel5_IRQHandler
                0x0000000008006530                TMR4_GLOBAL_IRQHandler
                0x0000000008006530                EXINT4_IRQHandler
                0x0000000008006530                CAN2_SE_IRQHandler
                0x0000000008006530                DMA2_Channel6_7_IRQHandler
                0x0000000008006530                PVM_IRQHandler
                0x0000000008006530                I2C3_EVT_IRQHandler
                0x0000000008006530                DMA1_Channel3_IRQHandler
                0x0000000008006530                I2C1_EVT_IRQHandler
                0x0000000008006530                TMR8_OVF_TMR13_IRQHandler
                0x0000000008006530                TMR6_GLOBAL_IRQHandler
                0x0000000008006530                EXINT1_IRQHandler
                0x0000000008006530                RTCAlarm_IRQHandler
                0x0000000008006530                DMA2_Channel4_5_IRQHandler
                0x0000000008006530                UART7_IRQHandler
                0x0000000008006530                USART2_IRQHandler
                0x0000000008006530                DMA1_Channel2_IRQHandler
                0x0000000008006530                FLASH_IRQHandler
                0x0000000008006530                SPI2_I2S2EXT_IRQHandler
                0x0000000008006530                I2C2_ERR_IRQHandler
                0x0000000008006530                USBFSWakeUp_IRQHandler
                0x0000000008006530                USART1_IRQHandler
                0x0000000008006530                TMR1_CH_IRQHandler
                0x0000000008006530                CRM_IRQHandler
                0x0000000008006530                EXINT15_10_IRQHandler
                0x0000000008006530                WWDT_IRQHandler
                0x0000000008006530                DMA2_Channel3_IRQHandler
 *fill*         0x0000000008006532        0x2 
 .text.SystemInit
                0x0000000008006534       0x88 ./cmsis/system_at32f403a_407.o
                0x0000000008006534                SystemInit
 .text.system_core_clock_update
                0x00000000080065bc      0x150 ./cmsis/system_at32f403a_407.o
                0x00000000080065bc                system_core_clock_update
 .text._write   0x000000000800670c       0x60 ./bsp/at32f403a_407_board.o
                0x000000000800670c                _write
 .text.at32_board_init
                0x000000000800676c       0x34 ./bsp/at32f403a_407_board.o
                0x000000000800676c                at32_board_init
 .text.at32_button_init
                0x00000000080067a0       0x44 ./bsp/at32f403a_407_board.o
                0x00000000080067a0                at32_button_init
 .text.at32_led_init
                0x00000000080067e4       0x68 ./bsp/at32f403a_407_board.o
                0x00000000080067e4                at32_led_init
 .text.at32_led_off
                0x000000000800684c       0x48 ./bsp/at32f403a_407_board.o
                0x000000000800684c                at32_led_off
 .text.at32_led_toggle
                0x0000000008006894       0x54 ./bsp/at32f403a_407_board.o
                0x0000000008006894                at32_led_toggle
 .text.delay_init
                0x00000000080068e8       0x40 ./bsp/at32f403a_407_board.o
                0x00000000080068e8                delay_init
 .text.delay_ms
                0x0000000008006928       0x98 ./bsp/at32f403a_407_board.o
                0x0000000008006928                delay_ms
 .text.__libc_init_array
                0x00000000080069c0       0x48 /home/user/Документы/AT32IDE/platform/tools/gcc-arm-none-eabi-10.3-2021.10/bin/../lib/gcc/arm-none-eabi/10.3.1/../../../../arm-none-eabi/lib/thumb/v7e-m+fp/hard/libg_nano.a(lib_a-init.o)
                0x00000000080069c0                __libc_init_array
 .text.memcpy   0x0000000008006a08       0x1c /home/user/Документы/AT32IDE/platform/tools/gcc-arm-none-eabi-10.3-2021.10/bin/../lib/gcc/arm-none-eabi/10.3.1/../../../../arm-none-eabi/lib/thumb/v7e-m+fp/hard/libg_nano.a(lib_a-memcpy-stub.o)
                0x0000000008006a08                memcpy
 .text.memset   0x0000000008006a24       0x10 /home/user/Документы/AT32IDE/platform/tools/gcc-arm-none-eabi-10.3-2021.10/bin/../lib/gcc/arm-none-eabi/10.3.1/../../../../arm-none-eabi/lib/thumb/v7e-m+fp/hard/libg_nano.a(lib_a-memset.o)
                0x0000000008006a24                memset
 .text.swprintf
                0x0000000008006a34       0x68 /home/user/Документы/AT32IDE/platform/tools/gcc-arm-none-eabi-10.3-2021.10/bin/../lib/gcc/arm-none-eabi/10.3.1/../../../../arm-none-eabi/lib/thumb/v7e-m+fp/hard/libg_nano.a(lib_a-swprintf.o)
                0x0000000008006a34                swprintf
 .text.wcscpy   0x0000000008006a9c       0x18 /home/user/Документы/AT32IDE/platform/tools/gcc-arm-none-eabi-10.3-2021.10/bin/../lib/gcc/arm-none-eabi/10.3.1/../../../../arm-none-eabi/lib/thumb/v7e-m+fp/hard/libg_nano.a(lib_a-wcscpy.o)
                0x0000000008006a9c                wcscpy
 .text._wcstol_l
                0x0000000008006ab4       0xee /home/user/Документы/AT32IDE/platform/tools/gcc-arm-none-eabi-10.3-2021.10/bin/../lib/gcc/arm-none-eabi/10.3.1/../../../../arm-none-eabi/lib/thumb/v7e-m+fp/hard/libg_nano.a(lib_a-wcstol.o)
 *fill*         0x0000000008006ba2        0x2 
 .text.wcstol   0x0000000008006ba4       0x24 /home/user/Документы/AT32IDE/platform/tools/gcc-arm-none-eabi-10.3-2021.10/bin/../lib/gcc/arm-none-eabi/10.3.1/../../../../arm-none-eabi/lib/thumb/v7e-m+fp/hard/libg_nano.a(lib_a-wcstol.o)
                0x0000000008006ba4                wcstol
 .text.__sflush_r
                0x0000000008006bc8      0x10c /home/user/Документы/AT32IDE/platform/tools/gcc-arm-none-eabi-10.3-2021.10/bin/../lib/gcc/arm-none-eabi/10.3.1/../../../../arm-none-eabi/lib/thumb/v7e-m+fp/hard/libg_nano.a(lib_a-fflush.o)
                0x0000000008006bc8                __sflush_r
 .text._fflush_r
                0x0000000008006cd4       0x78 /home/user/Документы/AT32IDE/platform/tools/gcc-arm-none-eabi-10.3-2021.10/bin/../lib/gcc/arm-none-eabi/10.3.1/../../../../arm-none-eabi/lib/thumb/v7e-m+fp/hard/libg_nano.a(lib_a-fflush.o)
                0x0000000008006cd4                _fflush_r
 .text.std      0x0000000008006d4c       0x48 /home/user/Документы/AT32IDE/platform/tools/gcc-arm-none-eabi-10.3-2021.10/bin/../lib/gcc/arm-none-eabi/10.3.1/../../../../arm-none-eabi/lib/thumb/v7e-m+fp/hard/libg_nano.a(lib_a-findfp.o)
 .text._cleanup_r
                0x0000000008006d94        0xc /home/user/Документы/AT32IDE/platform/tools/gcc-arm-none-eabi-10.3-2021.10/bin/../lib/gcc/arm-none-eabi/10.3.1/../../../../arm-none-eabi/lib/thumb/v7e-m+fp/hard/libg_nano.a(lib_a-findfp.o)
                0x0000000008006d94                _cleanup_r
 .text.__sfmoreglue
                0x0000000008006da0       0x2c /home/user/Документы/AT32IDE/platform/tools/gcc-arm-none-eabi-10.3-2021.10/bin/../lib/gcc/arm-none-eabi/10.3.1/../../../../arm-none-eabi/lib/thumb/v7e-m+fp/hard/libg_nano.a(lib_a-findfp.o)
                0x0000000008006da0                __sfmoreglue
 .text.__sfp_lock_acquire
                0x0000000008006dcc        0xc /home/user/Документы/AT32IDE/platform/tools/gcc-arm-none-eabi-10.3-2021.10/bin/../lib/gcc/arm-none-eabi/10.3.1/../../../../arm-none-eabi/lib/thumb/v7e-m+fp/hard/libg_nano.a(lib_a-findfp.o)
                0x0000000008006dcc                __sfp_lock_acquire
 .text.__sfp_lock_release
                0x0000000008006dd8        0xc /home/user/Документы/AT32IDE/platform/tools/gcc-arm-none-eabi-10.3-2021.10/bin/../lib/gcc/arm-none-eabi/10.3.1/../../../../arm-none-eabi/lib/thumb/v7e-m+fp/hard/libg_nano.a(lib_a-findfp.o)
                0x0000000008006dd8                __sfp_lock_release
 .text.__sinit_lock_acquire
                0x0000000008006de4        0xc /home/user/Документы/AT32IDE/platform/tools/gcc-arm-none-eabi-10.3-2021.10/bin/../lib/gcc/arm-none-eabi/10.3.1/../../../../arm-none-eabi/lib/thumb/v7e-m+fp/hard/libg_nano.a(lib_a-findfp.o)
                0x0000000008006de4                __sinit_lock_acquire
 .text.__sinit_lock_release
                0x0000000008006df0        0xc /home/user/Документы/AT32IDE/platform/tools/gcc-arm-none-eabi-10.3-2021.10/bin/../lib/gcc/arm-none-eabi/10.3.1/../../../../arm-none-eabi/lib/thumb/v7e-m+fp/hard/libg_nano.a(lib_a-findfp.o)
                0x0000000008006df0                __sinit_lock_release
 .text.__sinit  0x0000000008006dfc       0x70 /home/user/Документы/AT32IDE/platform/tools/gcc-arm-none-eabi-10.3-2021.10/bin/../lib/gcc/arm-none-eabi/10.3.1/../../../../arm-none-eabi/lib/thumb/v7e-m+fp/hard/libg_nano.a(lib_a-findfp.o)
                0x0000000008006dfc                __sinit
 .text.__sfp    0x0000000008006e6c       0x8c /home/user/Документы/AT32IDE/platform/tools/gcc-arm-none-eabi-10.3-2021.10/bin/../lib/gcc/arm-none-eabi/10.3.1/../../../../arm-none-eabi/lib/thumb/v7e-m+fp/hard/libg_nano.a(lib_a-findfp.o)
                0x0000000008006e6c                __sfp
 .text._fwalk_reent
                0x0000000008006ef8       0x3e /home/user/Документы/AT32IDE/platform/tools/gcc-arm-none-eabi-10.3-2021.10/bin/../lib/gcc/arm-none-eabi/10.3.1/../../../../arm-none-eabi/lib/thumb/v7e-m+fp/hard/libg_nano.a(lib_a-fwalk.o)
                0x0000000008006ef8                _fwalk_reent
 *fill*         0x0000000008006f36        0x2 
 .text.iswspace_l
                0x0000000008006f38       0x14 /home/user/Документы/AT32IDE/platform/tools/gcc-arm-none-eabi-10.3-2021.10/bin/../lib/gcc/arm-none-eabi/10.3.1/../../../../arm-none-eabi/lib/thumb/v7e-m+fp/hard/libg_nano.a(lib_a-iswspace_l.o)
                0x0000000008006f38                iswspace_l
 .text.__retarget_lock_init_recursive
                0x0000000008006f4c        0x2 /home/user/Документы/AT32IDE/platform/tools/gcc-arm-none-eabi-10.3-2021.10/bin/../lib/gcc/arm-none-eabi/10.3.1/../../../../arm-none-eabi/lib/thumb/v7e-m+fp/hard/libg_nano.a(lib_a-lock.o)
                0x0000000008006f4c                __retarget_lock_init_recursive
 .text.__retarget_lock_acquire_recursive
                0x0000000008006f4e        0x2 /home/user/Документы/AT32IDE/platform/tools/gcc-arm-none-eabi-10.3-2021.10/bin/../lib/gcc/arm-none-eabi/10.3.1/../../../../arm-none-eabi/lib/thumb/v7e-m+fp/hard/libg_nano.a(lib_a-lock.o)
                0x0000000008006f4e                __retarget_lock_acquire_recursive
 .text.__retarget_lock_release_recursive
                0x0000000008006f50        0x2 /home/user/Документы/AT32IDE/platform/tools/gcc-arm-none-eabi-10.3-2021.10/bin/../lib/gcc/arm-none-eabi/10.3.1/../../../../arm-none-eabi/lib/thumb/v7e-m+fp/hard/libg_nano.a(lib_a-lock.o)
                0x0000000008006f50                __retarget_lock_release_recursive
 .text.__swhatbuf_r
                0x0000000008006f52       0x4a /home/user/Документы/AT32IDE/platform/tools/gcc-arm-none-eabi-10.3-2021.10/bin/../lib/gcc/arm-none-eabi/10.3.1/../../../../arm-none-eabi/lib/thumb/v7e-m+fp/hard/libg_nano.a(lib_a-makebuf.o)
                0x0000000008006f52                __swhatbuf_r
 .text.__smakebuf_r
                0x0000000008006f9c       0x80 /home/user/Документы/AT32IDE/platform/tools/gcc-arm-none-eabi-10.3-2021.10/bin/../lib/gcc/arm-none-eabi/10.3.1/../../../../arm-none-eabi/lib/thumb/v7e-m+fp/hard/libg_nano.a(lib_a-makebuf.o)
                0x0000000008006f9c                __smakebuf_r
 .text.malloc   0x000000000800701c       0x10 /home/user/Документы/AT32IDE/platform/tools/gcc-arm-none-eabi-10.3-2021.10/bin/../lib/gcc/arm-none-eabi/10.3.1/../../../../arm-none-eabi/lib/thumb/v7e-m+fp/hard/libg_nano.a(lib_a-malloc.o)
                0x000000000800701c                malloc
 .text.__ascii_mbtowc
                0x000000000800702c       0x24 /home/user/Документы/AT32IDE/platform/tools/gcc-arm-none-eabi-10.3-2021.10/bin/../lib/gcc/arm-none-eabi/10.3.1/../../../../arm-none-eabi/lib/thumb/v7e-m+fp/hard/libg_nano.a(lib_a-mbtowc_r.o)
                0x000000000800702c                __ascii_mbtowc
 .text._free_r  0x0000000008007050       0x98 /home/user/Документы/AT32IDE/platform/tools/gcc-arm-none-eabi-10.3-2021.10/bin/../lib/gcc/arm-none-eabi/10.3.1/../../../../arm-none-eabi/lib/thumb/v7e-m+fp/hard/libg_nano.a(lib_a-nano-freer.o)
                0x0000000008007050                _free_r
 .text.sbrk_aligned
                0x00000000080070e8       0x40 /home/user/Документы/AT32IDE/platform/tools/gcc-arm-none-eabi-10.3-2021.10/bin/../lib/gcc/arm-none-eabi/10.3.1/../../../../arm-none-eabi/lib/thumb/v7e-m+fp/hard/libg_nano.a(lib_a-nano-mallocr.o)
 .text._malloc_r
                0x0000000008007128       0xe8 /home/user/Документы/AT32IDE/platform/tools/gcc-arm-none-eabi-10.3-2021.10/bin/../lib/gcc/arm-none-eabi/10.3.1/../../../../arm-none-eabi/lib/thumb/v7e-m+fp/hard/libg_nano.a(lib_a-nano-mallocr.o)
                0x0000000008007128                _malloc_r
 .text._sbrk_r  0x0000000008007210       0x20 /home/user/Документы/AT32IDE/platform/tools/gcc-arm-none-eabi-10.3-2021.10/bin/../lib/gcc/arm-none-eabi/10.3.1/../../../../arm-none-eabi/lib/thumb/v7e-m+fp/hard/libg_nano.a(lib_a-sbrkr.o)
                0x0000000008007210                _sbrk_r
 .text.__sread  0x0000000008007230       0x22 /home/user/Документы/AT32IDE/platform/tools/gcc-arm-none-eabi-10.3-2021.10/bin/../lib/gcc/arm-none-eabi/10.3.1/../../../../arm-none-eabi/lib/thumb/v7e-m+fp/hard/libg_nano.a(lib_a-stdio.o)
                0x0000000008007230                __sread
 .text.__swrite
                0x0000000008007252       0x38 /home/user/Документы/AT32IDE/platform/tools/gcc-arm-none-eabi-10.3-2021.10/bin/../lib/gcc/arm-none-eabi/10.3.1/../../../../arm-none-eabi/lib/thumb/v7e-m+fp/hard/libg_nano.a(lib_a-stdio.o)
                0x0000000008007252                __swrite
 .text.__sseek  0x000000000800728a       0x24 /home/user/Документы/AT32IDE/platform/tools/gcc-arm-none-eabi-10.3-2021.10/bin/../lib/gcc/arm-none-eabi/10.3.1/../../../../arm-none-eabi/lib/thumb/v7e-m+fp/hard/libg_nano.a(lib_a-stdio.o)
                0x000000000800728a                __sseek
 .text.__sclose
                0x00000000080072ae        0x8 /home/user/Документы/AT32IDE/platform/tools/gcc-arm-none-eabi-10.3-2021.10/bin/../lib/gcc/arm-none-eabi/10.3.1/../../../../arm-none-eabi/lib/thumb/v7e-m+fp/hard/libg_nano.a(lib_a-stdio.o)
                0x00000000080072ae                __sclose
 .text.wcvt     0x00000000080072b6       0xe0 /home/user/Документы/AT32IDE/platform/tools/gcc-arm-none-eabi-10.3-2021.10/bin/../lib/gcc/arm-none-eabi/10.3.1/../../../../arm-none-eabi/lib/thumb/v7e-m+fp/hard/libg_nano.a(lib_a-svfwprintf.o)
 *fill*         0x0000000008007396        0x2 
 .text._svfwprintf_r
                0x0000000008007398      0xaf4 /home/user/Документы/AT32IDE/platform/tools/gcc-arm-none-eabi-10.3-2021.10/bin/../lib/gcc/arm-none-eabi/10.3.1/../../../../arm-none-eabi/lib/thumb/v7e-m+fp/hard/libg_nano.a(lib_a-svfwprintf.o)
                0x0000000008007398                _svfwprintf_r
 .text.wcslen   0x0000000008007e8c       0x12 /home/user/Документы/AT32IDE/platform/tools/gcc-arm-none-eabi-10.3-2021.10/bin/../lib/gcc/arm-none-eabi/10.3.1/../../../../arm-none-eabi/lib/thumb/v7e-m+fp/hard/libg_nano.a(lib_a-wcslen.o)
                0x0000000008007e8c                wcslen
 .text.__ascii_wctomb
                0x0000000008007e9e       0x1a /home/user/Документы/AT32IDE/platform/tools/gcc-arm-none-eabi-10.3-2021.10/bin/../lib/gcc/arm-none-eabi/10.3.1/../../../../arm-none-eabi/lib/thumb/v7e-m+fp/hard/libg_nano.a(lib_a-wctomb_r.o)
                0x0000000008007e9e                __ascii_wctomb
 .text.wmemchr  0x0000000008007eb8       0x1e /home/user/Документы/AT32IDE/platform/tools/gcc-arm-none-eabi-10.3-2021.10/bin/../lib/gcc/arm-none-eabi/10.3.1/../../../../arm-none-eabi/lib/thumb/v7e-m+fp/hard/libg_nano.a(lib_a-wmemchr.o)
                0x0000000008007eb8                wmemchr
 *fill*         0x0000000008007ed6        0x2 
 .text._write_r
                0x0000000008007ed8       0x24 /home/user/Документы/AT32IDE/platform/tools/gcc-arm-none-eabi-10.3-2021.10/bin/../lib/gcc/arm-none-eabi/10.3.1/../../../../arm-none-eabi/lib/thumb/v7e-m+fp/hard/libg_nano.a(lib_a-writer.o)
                0x0000000008007ed8                _write_r
 .text.btowc    0x0000000008007efc       0x94 /home/user/Документы/AT32IDE/platform/tools/gcc-arm-none-eabi-10.3-2021.10/bin/../lib/gcc/arm-none-eabi/10.3.1/../../../../arm-none-eabi/lib/thumb/v7e-m+fp/hard/libg_nano.a(lib_a-btowc.o)
                0x0000000008007efc                btowc
 .text._close_r
                0x0000000008007f90       0x20 /home/user/Документы/AT32IDE/platform/tools/gcc-arm-none-eabi-10.3-2021.10/bin/../lib/gcc/arm-none-eabi/10.3.1/../../../../arm-none-eabi/lib/thumb/v7e-m+fp/hard/libg_nano.a(lib_a-closer.o)
                0x0000000008007f90                _close_r
 .text.quorem   0x0000000008007fb0      0x116 /home/user/Документы/AT32IDE/platform/tools/gcc-arm-none-eabi-10.3-2021.10/bin/../lib/gcc/arm-none-eabi/10.3.1/../../../../arm-none-eabi/lib/thumb/v7e-m+fp/hard/libg_nano.a(lib_a-dtoa.o)
 *fill*         0x00000000080080c6        0x2 
 .text._dtoa_r  0x00000000080080c8      0xbdc /home/user/Документы/AT32IDE/platform/tools/gcc-arm-none-eabi-10.3-2021.10/bin/../lib/gcc/arm-none-eabi/10.3.1/../../../../arm-none-eabi/lib/thumb/v7e-m+fp/hard/libg_nano.a(lib_a-dtoa.o)
                0x00000000080080c8                _dtoa_r
 .text._fstat_r
                0x0000000008008ca4       0x24 /home/user/Документы/AT32IDE/platform/tools/gcc-arm-none-eabi-10.3-2021.10/bin/../lib/gcc/arm-none-eabi/10.3.1/../../../../arm-none-eabi/lib/thumb/v7e-m+fp/hard/libg_nano.a(lib_a-fstatr.o)
                0x0000000008008ca4                _fstat_r
 .text._isatty_r
                0x0000000008008cc8       0x20 /home/user/Документы/AT32IDE/platform/tools/gcc-arm-none-eabi-10.3-2021.10/bin/../lib/gcc/arm-none-eabi/10.3.1/../../../../arm-none-eabi/lib/thumb/v7e-m+fp/hard/libg_nano.a(lib_a-isattyr.o)
                0x0000000008008cc8                _isatty_r
 .text._localeconv_r
                0x0000000008008ce8        0x8 /home/user/Документы/AT32IDE/platform/tools/gcc-arm-none-eabi-10.3-2021.10/bin/../lib/gcc/arm-none-eabi/10.3.1/../../../../arm-none-eabi/lib/thumb/v7e-m+fp/hard/libg_nano.a(lib_a-localeconv.o)
                0x0000000008008ce8                _localeconv_r
 .text._lseek_r
                0x0000000008008cf0       0x24 /home/user/Документы/AT32IDE/platform/tools/gcc-arm-none-eabi-10.3-2021.10/bin/../lib/gcc/arm-none-eabi/10.3.1/../../../../arm-none-eabi/lib/thumb/v7e-m+fp/hard/libg_nano.a(lib_a-lseekr.o)
                0x0000000008008cf0                _lseek_r
 .text.__malloc_lock
                0x0000000008008d14        0xc /home/user/Документы/AT32IDE/platform/tools/gcc-arm-none-eabi-10.3-2021.10/bin/../lib/gcc/arm-none-eabi/10.3.1/../../../../arm-none-eabi/lib/thumb/v7e-m+fp/hard/libg_nano.a(lib_a-mlock.o)
                0x0000000008008d14                __malloc_lock
 .text.__malloc_unlock
                0x0000000008008d20        0xc /home/user/Документы/AT32IDE/platform/tools/gcc-arm-none-eabi-10.3-2021.10/bin/../lib/gcc/arm-none-eabi/10.3.1/../../../../arm-none-eabi/lib/thumb/v7e-m+fp/hard/libg_nano.a(lib_a-mlock.o)
                0x0000000008008d20                __malloc_unlock
 .text._Balloc  0x0000000008008d2c       0x80 /home/user/Документы/AT32IDE/platform/tools/gcc-arm-none-eabi-10.3-2021.10/bin/../lib/gcc/arm-none-eabi/10.3.1/../../../../arm-none-eabi/lib/thumb/v7e-m+fp/hard/libg_nano.a(lib_a-mprec.o)
                0x0000000008008d2c                _Balloc
 .text._Bfree   0x0000000008008dac       0x44 /home/user/Документы/AT32IDE/platform/tools/gcc-arm-none-eabi-10.3-2021.10/bin/../lib/gcc/arm-none-eabi/10.3.1/../../../../arm-none-eabi/lib/thumb/v7e-m+fp/hard/libg_nano.a(lib_a-mprec.o)
                0x0000000008008dac                _Bfree
 .text.__multadd
                0x0000000008008df0       0x8c /home/user/Документы/AT32IDE/platform/tools/gcc-arm-none-eabi-10.3-2021.10/bin/../lib/gcc/arm-none-eabi/10.3.1/../../../../arm-none-eabi/lib/thumb/v7e-m+fp/hard/libg_nano.a(lib_a-mprec.o)
                0x0000000008008df0                __multadd
 .text.__hi0bits
                0x0000000008008e7c       0x40 /home/user/Документы/AT32IDE/platform/tools/gcc-arm-none-eabi-10.3-2021.10/bin/../lib/gcc/arm-none-eabi/10.3.1/../../../../arm-none-eabi/lib/thumb/v7e-m+fp/hard/libg_nano.a(lib_a-mprec.o)
                0x0000000008008e7c                __hi0bits
 .text.__lo0bits
                0x0000000008008ebc       0x5e /home/user/Документы/AT32IDE/platform/tools/gcc-arm-none-eabi-10.3-2021.10/bin/../lib/gcc/arm-none-eabi/10.3.1/../../../../arm-none-eabi/lib/thumb/v7e-m+fp/hard/libg_nano.a(lib_a-mprec.o)
                0x0000000008008ebc                __lo0bits
 *fill*         0x0000000008008f1a        0x2 
 .text.__i2b    0x0000000008008f1c       0x2c /home/user/Документы/AT32IDE/platform/tools/gcc-arm-none-eabi-10.3-2021.10/bin/../lib/gcc/arm-none-eabi/10.3.1/../../../../arm-none-eabi/lib/thumb/v7e-m+fp/hard/libg_nano.a(lib_a-mprec.o)
                0x0000000008008f1c                __i2b
 .text.__multiply
                0x0000000008008f48      0x154 /home/user/Документы/AT32IDE/platform/tools/gcc-arm-none-eabi-10.3-2021.10/bin/../lib/gcc/arm-none-eabi/10.3.1/../../../../arm-none-eabi/lib/thumb/v7e-m+fp/hard/libg_nano.a(lib_a-mprec.o)
                0x0000000008008f48                __multiply
 .text.__pow5mult
                0x000000000800909c       0xb4 /home/user/Документы/AT32IDE/platform/tools/gcc-arm-none-eabi-10.3-2021.10/bin/../lib/gcc/arm-none-eabi/10.3.1/../../../../arm-none-eabi/lib/thumb/v7e-m+fp/hard/libg_nano.a(lib_a-mprec.o)
                0x000000000800909c                __pow5mult
 .text.__lshift
                0x0000000008009150       0xe0 /home/user/Документы/AT32IDE/platform/tools/gcc-arm-none-eabi-10.3-2021.10/bin/../lib/gcc/arm-none-eabi/10.3.1/../../../../arm-none-eabi/lib/thumb/v7e-m+fp/hard/libg_nano.a(lib_a-mprec.o)
                0x0000000008009150                __lshift
 .text.__mcmp   0x0000000008009230       0x38 /home/user/Документы/AT32IDE/platform/tools/gcc-arm-none-eabi-10.3-2021.10/bin/../lib/gcc/arm-none-eabi/10.3.1/../../../../arm-none-eabi/lib/thumb/v7e-m+fp/hard/libg_nano.a(lib_a-mprec.o)
                0x0000000008009230                __mcmp
 .text.__mdiff  0x0000000008009268      0x114 /home/user/Документы/AT32IDE/platform/tools/gcc-arm-none-eabi-10.3-2021.10/bin/../lib/gcc/arm-none-eabi/10.3.1/../../../../arm-none-eabi/lib/thumb/v7e-m+fp/hard/libg_nano.a(lib_a-mprec.o)
                0x0000000008009268                __mdiff
 .text.__d2b    0x000000000800937c       0xb8 /home/user/Документы/AT32IDE/platform/tools/gcc-arm-none-eabi-10.3-2021.10/bin/../lib/gcc/arm-none-eabi/10.3.1/../../../../arm-none-eabi/lib/thumb/v7e-m+fp/hard/libg_nano.a(lib_a-mprec.o)
                0x000000000800937c                __d2b
 .text._calloc_r
                0x0000000008009434       0x2c /home/user/Документы/AT32IDE/platform/tools/gcc-arm-none-eabi-10.3-2021.10/bin/../lib/gcc/arm-none-eabi/10.3.1/../../../../arm-none-eabi/lib/thumb/v7e-m+fp/hard/libg_nano.a(lib_a-nano-callocr.o)
                0x0000000008009434                _calloc_r
 .text.__ssputs_r
                0x0000000008009460       0xb6 /home/user/Документы/AT32IDE/platform/tools/gcc-arm-none-eabi-10.3-2021.10/bin/../lib/gcc/arm-none-eabi/10.3.1/../../../../arm-none-eabi/lib/thumb/v7e-m+fp/hard/libg_nano.a(lib_a-nano-svfprintf.o)
                0x0000000008009460                __ssputs_r
 .text._printf_common
                0x0000000008009516       0xda /home/user/Документы/AT32IDE/platform/tools/gcc-arm-none-eabi-10.3-2021.10/bin/../lib/gcc/arm-none-eabi/10.3.1/../../../../arm-none-eabi/lib/thumb/v7e-m+fp/hard/libg_nano.a(lib_a-nano-vfprintf_i.o)
                0x0000000008009516                _printf_common
 .text._printf_i
                0x00000000080095f0      0x24c /home/user/Документы/AT32IDE/platform/tools/gcc-arm-none-eabi-10.3-2021.10/bin/../lib/gcc/arm-none-eabi/10.3.1/../../../../arm-none-eabi/lib/thumb/v7e-m+fp/hard/libg_nano.a(lib_a-nano-vfprintf_i.o)
                0x00000000080095f0                _printf_i
 .text._read_r  0x000000000800983c       0x24 /home/user/Документы/AT32IDE/platform/tools/gcc-arm-none-eabi-10.3-2021.10/bin/../lib/gcc/arm-none-eabi/10.3.1/../../../../arm-none-eabi/lib/thumb/v7e-m+fp/hard/libg_nano.a(lib_a-readr.o)
                0x000000000800983c                _read_r
 .text.__assert_func
                0x0000000008009860       0x3c /home/user/Документы/AT32IDE/platform/tools/gcc-arm-none-eabi-10.3-2021.10/bin/../lib/gcc/arm-none-eabi/10.3.1/../../../../arm-none-eabi/lib/thumb/v7e-m+fp/hard/libg_nano.a(lib_a-assert.o)
                0x0000000008009860                __assert_func
 .text.fprintf  0x000000000800989c       0x24 /home/user/Документы/AT32IDE/platform/tools/gcc-arm-none-eabi-10.3-2021.10/bin/../lib/gcc/arm-none-eabi/10.3.1/../../../../arm-none-eabi/lib/thumb/v7e-m+fp/hard/libg_nano.a(lib_a-fprintf.o)
                0x000000000800989c                fprintf
                0x000000000800989c                fiprintf
 .text.memmove  0x00000000080098c0       0x34 /home/user/Документы/AT32IDE/platform/tools/gcc-arm-none-eabi-10.3-2021.10/bin/../lib/gcc/arm-none-eabi/10.3.1/../../../../arm-none-eabi/lib/thumb/v7e-m+fp/hard/libg_nano.a(lib_a-memmove.o)
                0x00000000080098c0                memmove
 .text._realloc_r
                0x00000000080098f4       0x5e /home/user/Документы/AT32IDE/platform/tools/gcc-arm-none-eabi-10.3-2021.10/bin/../lib/gcc/arm-none-eabi/10.3.1/../../../../arm-none-eabi/lib/thumb/v7e-m+fp/hard/libg_nano.a(lib_a-nano-reallocr.o)
                0x00000000080098f4                _realloc_r
 .text.__sfputc_r
                0x0000000008009952       0x2e /home/user/Документы/AT32IDE/platform/tools/gcc-arm-none-eabi-10.3-2021.10/bin/../lib/gcc/arm-none-eabi/10.3.1/../../../../arm-none-eabi/lib/thumb/v7e-m+fp/hard/libg_nano.a(lib_a-nano-vfprintf.o)
 .text.__sfputs_r
                0x0000000008009980       0x24 /home/user/Документы/AT32IDE/platform/tools/gcc-arm-none-eabi-10.3-2021.10/bin/../lib/gcc/arm-none-eabi/10.3.1/../../../../arm-none-eabi/lib/thumb/v7e-m+fp/hard/libg_nano.a(lib_a-nano-vfprintf.o)
                0x0000000008009980                __sfputs_r
 .text._vfprintf_r
                0x00000000080099a4      0x260 /home/user/Документы/AT32IDE/platform/tools/gcc-arm-none-eabi-10.3-2021.10/bin/../lib/gcc/arm-none-eabi/10.3.1/../../../../arm-none-eabi/lib/thumb/v7e-m+fp/hard/libg_nano.a(lib_a-nano-vfprintf.o)
                0x00000000080099a4                _vfiprintf_r
                0x00000000080099a4                _vfprintf_r
 .text.__swbuf_r
                0x0000000008009c04       0xa4 /home/user/Документы/AT32IDE/platform/tools/gcc-arm-none-eabi-10.3-2021.10/bin/../lib/gcc/arm-none-eabi/10.3.1/../../../../arm-none-eabi/lib/thumb/v7e-m+fp/hard/libg_nano.a(lib_a-wbuf.o)
                0x0000000008009c04                __swbuf_r
 .text.__swsetup_r
                0x0000000008009ca8       0xdc /home/user/Документы/AT32IDE/platform/tools/gcc-arm-none-eabi-10.3-2021.10/bin/../lib/gcc/arm-none-eabi/10.3.1/../../../../arm-none-eabi/lib/thumb/v7e-m+fp/hard/libg_nano.a(lib_a-wsetup.o)
                0x0000000008009ca8                __swsetup_r
 .text.abort    0x0000000008009d84        0xe /home/user/Документы/AT32IDE/platform/tools/gcc-arm-none-eabi-10.3-2021.10/bin/../lib/gcc/arm-none-eabi/10.3.1/../../../../arm-none-eabi/lib/thumb/v7e-m+fp/hard/libg_nano.a(lib_a-abort.o)
                0x0000000008009d84                abort
 .text._malloc_usable_size_r
                0x0000000008009d92       0x10 /home/user/Документы/AT32IDE/platform/tools/gcc-arm-none-eabi-10.3-2021.10/bin/../lib/gcc/arm-none-eabi/10.3.1/../../../../arm-none-eabi/lib/thumb/v7e-m+fp/hard/libg_nano.a(lib_a-nano-msizer.o)
                0x0000000008009d92                _malloc_usable_size_r
 .text._raise_r
                0x0000000008009da2       0x50 /home/user/Документы/AT32IDE/platform/tools/gcc-arm-none-eabi-10.3-2021.10/bin/../lib/gcc/arm-none-eabi/10.3.1/../../../../arm-none-eabi/lib/thumb/v7e-m+fp/hard/libg_nano.a(lib_a-signal.o)
                0x0000000008009da2                _raise_r
 *fill*         0x0000000008009df2        0x2 
 .text.raise    0x0000000008009df4       0x10 /home/user/Документы/AT32IDE/platform/tools/gcc-arm-none-eabi-10.3-2021.10/bin/../lib/gcc/arm-none-eabi/10.3.1/../../../../arm-none-eabi/lib/thumb/v7e-m+fp/hard/libg_nano.a(lib_a-signal.o)
                0x0000000008009df4                raise
 .text._kill_r  0x0000000008009e04       0x24 /home/user/Документы/AT32IDE/platform/tools/gcc-arm-none-eabi-10.3-2021.10/bin/../lib/gcc/arm-none-eabi/10.3.1/../../../../arm-none-eabi/lib/thumb/v7e-m+fp/hard/libg_nano.a(lib_a-signalr.o)
                0x0000000008009e04                _kill_r
 .text._getpid_r
                0x0000000008009e28        0x4 /home/user/Документы/AT32IDE/platform/tools/gcc-arm-none-eabi-10.3-2021.10/bin/../lib/gcc/arm-none-eabi/10.3.1/../../../../arm-none-eabi/lib/thumb/v7e-m+fp/hard/libg_nano.a(lib_a-signalr.o)
                0x0000000008009e28                _getpid_r
 .text._close   0x0000000008009e2c       0x10 /home/user/Документы/AT32IDE/platform/tools/gcc-arm-none-eabi-10.3-2021.10/bin/../lib/gcc/arm-none-eabi/10.3.1/../../../../arm-none-eabi/lib/thumb/v7e-m+fp/hard/libnosys.a(close.o)
                0x0000000008009e2c                _close
 .text._fstat   0x0000000008009e3c       0x10 /home/user/Документы/AT32IDE/platform/tools/gcc-arm-none-eabi-10.3-2021.10/bin/../lib/gcc/arm-none-eabi/10.3.1/../../../../arm-none-eabi/lib/thumb/v7e-m+fp/hard/libnosys.a(fstat.o)
                0x0000000008009e3c                _fstat
 .text._getpid  0x0000000008009e4c       0x10 /home/user/Документы/AT32IDE/platform/tools/gcc-arm-none-eabi-10.3-2021.10/bin/../lib/gcc/arm-none-eabi/10.3.1/../../../../arm-none-eabi/lib/thumb/v7e-m+fp/hard/libnosys.a(getpid.o)
                0x0000000008009e4c                _getpid
 .text._isatty  0x0000000008009e5c       0x10 /home/user/Документы/AT32IDE/platform/tools/gcc-arm-none-eabi-10.3-2021.10/bin/../lib/gcc/arm-none-eabi/10.3.1/../../../../arm-none-eabi/lib/thumb/v7e-m+fp/hard/libnosys.a(isatty.o)
                0x0000000008009e5c                _isatty
 .text._kill    0x0000000008009e6c       0x10 /home/user/Документы/AT32IDE/platform/tools/gcc-arm-none-eabi-10.3-2021.10/bin/../lib/gcc/arm-none-eabi/10.3.1/../../../../arm-none-eabi/lib/thumb/v7e-m+fp/hard/libnosys.a(kill.o)
                0x0000000008009e6c                _kill
 .text._lseek   0x0000000008009e7c       0x10 /home/user/Документы/AT32IDE/platform/tools/gcc-arm-none-eabi-10.3-2021.10/bin/../lib/gcc/arm-none-eabi/10.3.1/../../../../arm-none-eabi/lib/thumb/v7e-m+fp/hard/libnosys.a(lseek.o)
                0x0000000008009e7c                _lseek
 .text._read    0x0000000008009e8c       0x10 /home/user/Документы/AT32IDE/platform/tools/gcc-arm-none-eabi-10.3-2021.10/bin/../lib/gcc/arm-none-eabi/10.3.1/../../../../arm-none-eabi/lib/thumb/v7e-m+fp/hard/libnosys.a(read.o)
                0x0000000008009e8c                _read
 .text._sbrk    0x0000000008009e9c       0x1c /home/user/Документы/AT32IDE/platform/tools/gcc-arm-none-eabi-10.3-2021.10/bin/../lib/gcc/arm-none-eabi/10.3.1/../../../../arm-none-eabi/lib/thumb/v7e-m+fp/hard/libnosys.a(sbrk.o)
                0x0000000008009e9c                _sbrk
 .text._exit    0x0000000008009eb8        0x4 /home/user/Документы/AT32IDE/platform/tools/gcc-arm-none-eabi-10.3-2021.10/bin/../lib/gcc/arm-none-eabi/10.3.1/../../../../arm-none-eabi/lib/thumb/v7e-m+fp/hard/libnosys.a(_exit.o)
                0x0000000008009eb8                _exit
 *(.glue_7)
 .glue_7        0x0000000008009ebc        0x0 linker stubs
 *(.glue_7t)
 .glue_7t       0x0000000008009ebc        0x0 linker stubs
 *(.eh_frame)
 .eh_frame      0x0000000008009ebc        0x0 /home/user/Документы/AT32IDE/platform/tools/gcc-arm-none-eabi-10.3-2021.10/bin/../lib/gcc/arm-none-eabi/10.3.1/thumb/v7e-m+fp/hard/crtbegin.o
 *(.init)
 .init          0x0000000008009ebc        0x4 /home/user/Документы/AT32IDE/platform/tools/gcc-arm-none-eabi-10.3-2021.10/bin/../lib/gcc/arm-none-eabi/10.3.1/thumb/v7e-m+fp/hard/crti.o
                0x0000000008009ebc                _init
 .init          0x0000000008009ec0        0x8 /home/user/Документы/AT32IDE/platform/tools/gcc-arm-none-eabi-10.3-2021.10/bin/../lib/gcc/arm-none-eabi/10.3.1/thumb/v7e-m+fp/hard/crtn.o
 *(.fini)
 .fini          0x0000000008009ec8        0x4 /home/user/Документы/AT32IDE/platform/tools/gcc-arm-none-eabi-10.3-2021.10/bin/../lib/gcc/arm-none-eabi/10.3.1/thumb/v7e-m+fp/hard/crti.o
                0x0000000008009ec8                _fini
 .fini          0x0000000008009ecc        0x8 /home/user/Документы/AT32IDE/platform/tools/gcc-arm-none-eabi-10.3-2021.10/bin/../lib/gcc/arm-none-eabi/10.3.1/thumb/v7e-m+fp/hard/crtn.o
                0x0000000008009ed4                . = ALIGN (0x4)
                0x0000000008009ed4                _etext = .

.vfp11_veneer   0x0000000008009ed4        0x0
 .vfp11_veneer  0x0000000008009ed4        0x0 linker stubs

.v4_bx          0x0000000008009ed4        0x0
 .v4_bx         0x0000000008009ed4        0x0 linker stubs

.iplt           0x0000000008009ed4        0x0
 .iplt          0x0000000008009ed4        0x0 /home/user/Документы/AT32IDE/platform/tools/gcc-arm-none-eabi-10.3-2021.10/bin/../lib/gcc/arm-none-eabi/10.3.1/thumb/v7e-m+fp/hard/crtbegin.o

.rodata         0x0000000008009ed8     0x9104
                0x0000000008009ed8                . = ALIGN (0x4)
 *(.rodata)
 .rodata        0x0000000008009ed8     0x4abc ./user/hardware/lcd/at32_video_ev_font.o
                0x0000000008009ed8                CHAR_INDEX_ARRAY_SIZE
                0x0000000008009edc                Montserrat_16
                0x0000000008009ee8                Montserrat_12
                0x0000000008009ef4                Montserrat_16_bitmap
                0x000000000800c128                Montserrat_16_glf
                0x000000000800cb48                Montserrat_12_bitmap
                0x000000000800df74                Montserrat_12_glf
 .rodata        0x000000000800e994     0x3444 ./user/images.o
                0x000000000800e994                Arrow_up_map
                0x000000000800eb20                Geoscan_logo_map
                0x000000000800f168                Info_map
                0x000000000800f618                Power_map
                0x000000000800fac8                Settings_map
                0x000000000800ff78                Geoscan_map
                0x0000000008010428                Function_map
                0x00000000080108d8                Back_map
                0x0000000008010d88                Display_map
                0x0000000008011238                Network_map
                0x00000000080116e8                Clear_map
                0x0000000008011928                Input_map
 .rodata        0x0000000008011dd8      0x634 ./user/menu_functions.o
                0x0000000008011e20                button_positions
 .rodata        0x000000000801240c      0x5e0 ./user/ssd1306_menu.o
                0x000000000801240c                lcd_width
                0x000000000801240e                lcd_height
                0x0000000008012410                SCROLL_BAR_HEIGHT
 .rodata        0x00000000080129ec       0x10 ./cmsis/system_at32f403a_407.o
 *(.rodata*)
 .rodata._global_impure_ptr
                0x00000000080129fc        0x4 /home/user/Документы/AT32IDE/platform/tools/gcc-arm-none-eabi-10.3-2021.10/bin/../lib/gcc/arm-none-eabi/10.3.1/../../../../arm-none-eabi/lib/thumb/v7e-m+fp/hard/libg_nano.a(lib_a-impure.o)
                0x00000000080129fc                _global_impure_ptr
 .rodata.__sf_fake_stderr
                0x0000000008012a00       0x20 /home/user/Документы/AT32IDE/platform/tools/gcc-arm-none-eabi-10.3-2021.10/bin/../lib/gcc/arm-none-eabi/10.3.1/../../../../arm-none-eabi/lib/thumb/v7e-m+fp/hard/libg_nano.a(lib_a-findfp.o)
                0x0000000008012a00                __sf_fake_stderr
 .rodata.__sf_fake_stdin
                0x0000000008012a20       0x20 /home/user/Документы/AT32IDE/platform/tools/gcc-arm-none-eabi-10.3-2021.10/bin/../lib/gcc/arm-none-eabi/10.3.1/../../../../arm-none-eabi/lib/thumb/v7e-m+fp/hard/libg_nano.a(lib_a-findfp.o)
                0x0000000008012a20                __sf_fake_stdin
 .rodata.__sf_fake_stdout
                0x0000000008012a40       0x20 /home/user/Документы/AT32IDE/platform/tools/gcc-arm-none-eabi-10.3-2021.10/bin/../lib/gcc/arm-none-eabi/10.3.1/../../../../arm-none-eabi/lib/thumb/v7e-m+fp/hard/libg_nano.a(lib_a-findfp.o)
                0x0000000008012a40                __sf_fake_stdout
 .rodata._setlocale_r.str1.1
                0x0000000008012a60        0x8 /home/user/Документы/AT32IDE/platform/tools/gcc-arm-none-eabi-10.3-2021.10/bin/../lib/gcc/arm-none-eabi/10.3.1/../../../../arm-none-eabi/lib/thumb/v7e-m+fp/hard/libg_nano.a(lib_a-locale.o)
                                          0x9 (size before relaxing)
 .rodata.str1.1
                0x0000000008012a68        0x2 /home/user/Документы/AT32IDE/platform/tools/gcc-arm-none-eabi-10.3-2021.10/bin/../lib/gcc/arm-none-eabi/10.3.1/../../../../arm-none-eabi/lib/thumb/v7e-m+fp/hard/libg_nano.a(lib_a-locale.o)
 *fill*         0x0000000008012a6a        0x2 
 .rodata._svfwprintf_r.str4.4
                0x0000000008012a6c       0xd0 /home/user/Документы/AT32IDE/platform/tools/gcc-arm-none-eabi-10.3-2021.10/bin/../lib/gcc/arm-none-eabi/10.3.1/../../../../arm-none-eabi/lib/thumb/v7e-m+fp/hard/libg_nano.a(lib_a-svfwprintf.o)
 .rodata.blanks.1
                0x0000000008012b3c       0x40 /home/user/Документы/AT32IDE/platform/tools/gcc-arm-none-eabi-10.3-2021.10/bin/../lib/gcc/arm-none-eabi/10.3.1/../../../../arm-none-eabi/lib/thumb/v7e-m+fp/hard/libg_nano.a(lib_a-svfwprintf.o)
 .rodata.zeroes.0
                0x0000000008012b7c       0x40 /home/user/Документы/AT32IDE/platform/tools/gcc-arm-none-eabi-10.3-2021.10/bin/../lib/gcc/arm-none-eabi/10.3.1/../../../../arm-none-eabi/lib/thumb/v7e-m+fp/hard/libg_nano.a(lib_a-svfwprintf.o)
 .rodata.btowc.str1.1
                0x0000000008012bbc       0x96 /home/user/Документы/AT32IDE/platform/tools/gcc-arm-none-eabi-10.3-2021.10/bin/../lib/gcc/arm-none-eabi/10.3.1/../../../../arm-none-eabi/lib/thumb/v7e-m+fp/hard/libg_nano.a(lib_a-btowc.o)
 .rodata._ctype_
                0x0000000008012c52      0x101 /home/user/Документы/AT32IDE/platform/tools/gcc-arm-none-eabi-10.3-2021.10/bin/../lib/gcc/arm-none-eabi/10.3.1/../../../../arm-none-eabi/lib/thumb/v7e-m+fp/hard/libg_nano.a(lib_a-ctype_.o)
                0x0000000008012c52                _ctype_
 .rodata._dtoa_r.str1.1
                0x0000000008012d53       0x9e /home/user/Документы/AT32IDE/platform/tools/gcc-arm-none-eabi-10.3-2021.10/bin/../lib/gcc/arm-none-eabi/10.3.1/../../../../arm-none-eabi/lib/thumb/v7e-m+fp/hard/libg_nano.a(lib_a-dtoa.o)
                                         0xb5 (size before relaxing)
 .rodata._Balloc.str1.1
                0x0000000008012df1       0x7f /home/user/Документы/AT32IDE/platform/tools/gcc-arm-none-eabi-10.3-2021.10/bin/../lib/gcc/arm-none-eabi/10.3.1/../../../../arm-none-eabi/lib/thumb/v7e-m+fp/hard/libg_nano.a(lib_a-mprec.o)
                                         0x96 (size before relaxing)
 .rodata.__multadd.str1.1
                0x0000000008012e70       0x11 /home/user/Документы/AT32IDE/platform/tools/gcc-arm-none-eabi-10.3-2021.10/bin/../lib/gcc/arm-none-eabi/10.3.1/../../../../arm-none-eabi/lib/thumb/v7e-m+fp/hard/libg_nano.a(lib_a-mprec.o)
 .rodata.__mprec_bigtens
                0x0000000008012e70       0x28 /home/user/Документы/AT32IDE/platform/tools/gcc-arm-none-eabi-10.3-2021.10/bin/../lib/gcc/arm-none-eabi/10.3.1/../../../../arm-none-eabi/lib/thumb/v7e-m+fp/hard/libg_nano.a(lib_a-mprec.o)
                0x0000000008012e70                __mprec_bigtens
 .rodata.__mprec_tens
                0x0000000008012e98       0xc8 /home/user/Документы/AT32IDE/platform/tools/gcc-arm-none-eabi-10.3-2021.10/bin/../lib/gcc/arm-none-eabi/10.3.1/../../../../arm-none-eabi/lib/thumb/v7e-m+fp/hard/libg_nano.a(lib_a-mprec.o)
                0x0000000008012e98                __mprec_tens
 .rodata.p05.0  0x0000000008012f60        0xc /home/user/Документы/AT32IDE/platform/tools/gcc-arm-none-eabi-10.3-2021.10/bin/../lib/gcc/arm-none-eabi/10.3.1/../../../../arm-none-eabi/lib/thumb/v7e-m+fp/hard/libg_nano.a(lib_a-mprec.o)
 .rodata._printf_i.str1.1
                0x0000000008012f6c       0x22 /home/user/Документы/AT32IDE/platform/tools/gcc-arm-none-eabi-10.3-2021.10/bin/../lib/gcc/arm-none-eabi/10.3.1/../../../../arm-none-eabi/lib/thumb/v7e-m+fp/hard/libg_nano.a(lib_a-nano-vfprintf_i.o)
 .rodata.__assert_func.str1.1
                0x0000000008012f8e       0x3c /home/user/Документы/AT32IDE/platform/tools/gcc-arm-none-eabi-10.3-2021.10/bin/../lib/gcc/arm-none-eabi/10.3.1/../../../../arm-none-eabi/lib/thumb/v7e-m+fp/hard/libg_nano.a(lib_a-assert.o)
                                         0x3d (size before relaxing)
 .rodata._vfprintf_r.str1.1
                0x0000000008012fca       0x11 /home/user/Документы/AT32IDE/platform/tools/gcc-arm-none-eabi-10.3-2021.10/bin/../lib/gcc/arm-none-eabi/10.3.1/../../../../arm-none-eabi/lib/thumb/v7e-m+fp/hard/libg_nano.a(lib_a-nano-vfprintf.o)
                0x0000000008012fdc                . = ALIGN (0x4)
 *fill*         0x0000000008012fdb        0x1 

.rel.dyn        0x0000000008012fdc        0x0
 .rel.iplt      0x0000000008012fdc        0x0 /home/user/Документы/AT32IDE/platform/tools/gcc-arm-none-eabi-10.3-2021.10/bin/../lib/gcc/arm-none-eabi/10.3.1/thumb/v7e-m+fp/hard/crtbegin.o

.ARM.extab
 *(.ARM.extab* .gnu.linkonce.armextab.*)

.ARM            0x0000000008012fdc        0x0
                0x0000000008012fdc                __exidx_start = .
 *(.ARM.exidx*)
                0x0000000008012fdc                __exidx_end = .

.preinit_array  0x0000000008012fdc        0x0
                0x0000000008012fdc                PROVIDE (__preinit_array_start = .)
 *(.preinit_array*)
                0x0000000008012fdc                PROVIDE (__preinit_array_end = .)

.init_array     0x0000000008012fdc        0x4
                0x0000000008012fdc                PROVIDE (__init_array_start = .)
 *(SORT_BY_NAME(.init_array.*))
 *(.init_array*)
 .init_array    0x0000000008012fdc        0x4 /home/user/Документы/AT32IDE/platform/tools/gcc-arm-none-eabi-10.3-2021.10/bin/../lib/gcc/arm-none-eabi/10.3.1/thumb/v7e-m+fp/hard/crtbegin.o
                0x0000000008012fe0                PROVIDE (__init_array_end = .)

.fini_array     0x0000000008012fe0        0x4
                [!provide]                        PROVIDE (__fini_array_start = .)
 *(SORT_BY_NAME(.fini_array.*))
 *(.fini_array*)
 .fini_array    0x0000000008012fe0        0x4 /home/user/Документы/AT32IDE/platform/tools/gcc-arm-none-eabi-10.3-2021.10/bin/../lib/gcc/arm-none-eabi/10.3.1/thumb/v7e-m+fp/hard/crtbegin.o
                [!provide]                        PROVIDE (__fini_array_end = .)
                0x0000000008012fe4                _sidata = LOADADDR (.data)

.data           0x0000000020000000      0xc04 load address 0x0000000008012fe4
                0x0000000020000000                . = ALIGN (0x4)
                0x0000000020000000                _sdata = .
 *(.data)
 .data          0x0000000020000000      0x78c ./user/hardware/lcd/at32_video_ev_font.o
                0x0000000020000000                charIndexArray
 .data          0x000000002000078c        0x1 ./user/encoder_navigation.o
                0x000000002000078c                scroll_threshold
 *fill*         0x000000002000078d        0x3 
 .data          0x0000000020000790       0x90 ./user/images.o
                0x0000000020000790                Geoscan_logo
                0x000000002000079c                Info
                0x00000000200007a8                Power
                0x00000000200007b4                Settings
                0x00000000200007c0                Geoscan
                0x00000000200007cc                Function
                0x00000000200007d8                Back
                0x00000000200007e4                Display
                0x00000000200007f0                Network
                0x00000000200007fc                Clear
                0x0000000020000808                Input
                0x0000000020000814                Arrow_up
 .data          0x0000000020000820      0x18c ./user/menu_functions.o
                0x0000000020000820                temp_bright
                0x0000000020000824                buttons_lower
                0x00000000200008e8                buttons_upper
 .data          0x00000000200009ac       0x60 ./user/ssd1306_menu.o
                0x00000000200009ac                brightness_data
                0x00000000200009b8                inversion_state
 .data          0x0000000020000a0c        0x4 ./cmsis/system_at32f403a_407.o
                0x0000000020000a0c                system_core_clock
 .data          0x0000000020000a10       0x21 ./bsp/at32f403a_407_board.o
                0x0000000020000a10                led_gpio_port
                0x0000000020000a1c                led_gpio_pin
                0x0000000020000a24                led_gpio_crm_clk
 *(.data*)
 *fill*         0x0000000020000a31        0x3 
 .data._impure_ptr
                0x0000000020000a34        0x4 /home/user/Документы/AT32IDE/platform/tools/gcc-arm-none-eabi-10.3-2021.10/bin/../lib/gcc/arm-none-eabi/10.3.1/../../../../arm-none-eabi/lib/thumb/v7e-m+fp/hard/libg_nano.a(lib_a-impure.o)
                0x0000000020000a34                _impure_ptr
 .data.impure_data
                0x0000000020000a38       0x60 /home/user/Документы/AT32IDE/platform/tools/gcc-arm-none-eabi-10.3-2021.10/bin/../lib/gcc/arm-none-eabi/10.3.1/../../../../arm-none-eabi/lib/thumb/v7e-m+fp/hard/libg_nano.a(lib_a-impure.o)
 .data.__global_locale
                0x0000000020000a98      0x16c /home/user/Документы/AT32IDE/platform/tools/gcc-arm-none-eabi-10.3-2021.10/bin/../lib/gcc/arm-none-eabi/10.3.1/../../../../arm-none-eabi/lib/thumb/v7e-m+fp/hard/libg_nano.a(lib_a-locale.o)
                0x0000000020000a98                __global_locale
                0x0000000020000c04                . = ALIGN (0x4)
                0x0000000020000c04                _edata = .
                0x0000000008400000                _spim_init_base = LOADADDR (.spim)
                0x0000000000000000                _spim_init_length = SIZEOF (.spim)

.igot.plt       0x0000000020000c04        0x0 load address 0x0000000008013be8
 .igot.plt      0x0000000020000c04        0x0 /home/user/Документы/AT32IDE/platform/tools/gcc-arm-none-eabi-10.3-2021.10/bin/../lib/gcc/arm-none-eabi/10.3.1/thumb/v7e-m+fp/hard/crtbegin.o

.spim           0x0000000008400000        0x0
                0x0000000008400000                . = ALIGN (0x4)
                0x0000000008400000                _spim_start = .
 *(.spim)
 *(.spim*)
                0x0000000008400000                . = ALIGN (0x4)
                0x0000000008400000                _spim_end = .
                0x0000000008400000                . = ALIGN (0x4)

.bss            0x0000000020000c04     0xa6f8
                0x0000000020000c04                _sbss = .
                0x0000000020000c04                __bss_start__ = _sbss
 *(.bss)
 .bss           0x0000000020000c04       0x1c /home/user/Документы/AT32IDE/platform/tools/gcc-arm-none-eabi-10.3-2021.10/bin/../lib/gcc/arm-none-eabi/10.3.1/thumb/v7e-m+fp/hard/crtbegin.o
 .bss           0x0000000020000c20     0xa014 ./user/hardware/lcd/at32_video_ev_lcd.o
                0x0000000020000c20                point_color
                0x0000000020000c24                lcddev
                0x0000000020000c34                lcd_buffer
 .bss           0x000000002000ac34        0x5 ./user/at32f403a_407_int.o
                0x000000002000ac34                millis_counter
                0x000000002000ac38                flag_timeout
 *fill*         0x000000002000ac39        0x3 
 .bss           0x000000002000ac3c       0x1c ./user/encoder_navigation.o
                0x000000002000ac40                buttonStarttime
                0x000000002000ac50                encoder_delta
                0x000000002000ac54                temp_encoder
 .bss           0x000000002000ac58       0x1c ./user/main.o
                0x000000002000ac58                current_time
                0x000000002000ac5c                buttonState
                0x000000002000ac60                buttonPressTime
                0x000000002000ac64                eeprom_val
                0x000000002000ac6c                run
                0x000000002000ac6e                eeprom
                0x000000002000ac70                button_press_time
 .bss           0x000000002000ac74       0xb0 ./user/menu_functions.o
                0x000000002000ac74                encoder_count
                0x000000002000ac78                temporary_encoder
                0x000000002000ac7c                value
                0x000000002000ace0                functionRunning
                0x000000002000ace1                button_pressed
                0x000000002000ace2                isPlaying
                0x000000002000ace3                colorInversionState
                0x000000002000ace4                functionStartTime
                0x000000002000ace8                isInversed
                0x000000002000ace9                isEditing
                0x000000002000acea                entered_number
                0x000000002000acec                capsLock
                0x000000002000acf0                input_number
                0x000000002000ad1c                input_length
                0x000000002000ad20                encoder_position
 .bss           0x000000002000ad24      0x5bc ./user/ssd1306_menu.o
                0x000000002000ad24                current_menu
                0x000000002000ad28                MainMenu
                0x000000002000afc8                DisplayMenu
                0x000000002000b188                SettingsMenu
                0x000000002000b2d8                selected_item
                0x000000002000b2da                menu_y_offset
                0x000000002000b2dc                active_menu_item
 .bss           0x000000002000b2e0        0x8 ./bsp/at32f403a_407_board.o
 *(.bss*)
 .bss.__lock___malloc_recursive_mutex
                0x000000002000b2e8        0x1 /home/user/Документы/AT32IDE/platform/tools/gcc-arm-none-eabi-10.3-2021.10/bin/../lib/gcc/arm-none-eabi/10.3.1/../../../../arm-none-eabi/lib/thumb/v7e-m+fp/hard/libg_nano.a(lib_a-lock.o)
                0x000000002000b2e8                __lock___malloc_recursive_mutex
 .bss.__lock___sfp_recursive_mutex
                0x000000002000b2e9        0x1 /home/user/Документы/AT32IDE/platform/tools/gcc-arm-none-eabi-10.3-2021.10/bin/../lib/gcc/arm-none-eabi/10.3.1/../../../../arm-none-eabi/lib/thumb/v7e-m+fp/hard/libg_nano.a(lib_a-lock.o)
                0x000000002000b2e9                __lock___sfp_recursive_mutex
 .bss.__lock___sinit_recursive_mutex
                0x000000002000b2ea        0x1 /home/user/Документы/AT32IDE/platform/tools/gcc-arm-none-eabi-10.3-2021.10/bin/../lib/gcc/arm-none-eabi/10.3.1/../../../../arm-none-eabi/lib/thumb/v7e-m+fp/hard/libg_nano.a(lib_a-lock.o)
                0x000000002000b2ea                __lock___sinit_recursive_mutex
 *fill*         0x000000002000b2eb        0x1 
 .bss.__malloc_free_list
                0x000000002000b2ec        0x4 /home/user/Документы/AT32IDE/platform/tools/gcc-arm-none-eabi-10.3-2021.10/bin/../lib/gcc/arm-none-eabi/10.3.1/../../../../arm-none-eabi/lib/thumb/v7e-m+fp/hard/libg_nano.a(lib_a-nano-mallocr.o)
                0x000000002000b2ec                __malloc_free_list
 .bss.__malloc_sbrk_start
                0x000000002000b2f0        0x4 /home/user/Документы/AT32IDE/platform/tools/gcc-arm-none-eabi-10.3-2021.10/bin/../lib/gcc/arm-none-eabi/10.3.1/../../../../arm-none-eabi/lib/thumb/v7e-m+fp/hard/libg_nano.a(lib_a-nano-mallocr.o)
                0x000000002000b2f0                __malloc_sbrk_start
 .bss.errno     0x000000002000b2f4        0x4 /home/user/Документы/AT32IDE/platform/tools/gcc-arm-none-eabi-10.3-2021.10/bin/../lib/gcc/arm-none-eabi/10.3.1/../../../../arm-none-eabi/lib/thumb/v7e-m+fp/hard/libg_nano.a(lib_a-reent.o)
                0x000000002000b2f4                errno
 .bss.heap_end.0
                0x000000002000b2f8        0x4 /home/user/Документы/AT32IDE/platform/tools/gcc-arm-none-eabi-10.3-2021.10/bin/../lib/gcc/arm-none-eabi/10.3.1/../../../../arm-none-eabi/lib/thumb/v7e-m+fp/hard/libnosys.a(sbrk.o)
 *(COMMON)
                0x000000002000b2fc                . = ALIGN (0x4)
                0x000000002000b2fc                _ebss = .
                0x000000002000b2fc                __bss_end__ = _ebss

._user_heap_stack
                0x000000002000b2fc      0x604
                0x000000002000b300                . = ALIGN (0x8)
 *fill*         0x000000002000b2fc        0x4 
                0x000000002000b300                PROVIDE (end = .)
                [!provide]                        PROVIDE (_end = .)
                0x000000002000b500                . = (. + _Min_Heap_Size)
 *fill*         0x000000002000b300      0x200 
                0x000000002000b900                . = (. + _Min_Stack_Size)
 *fill*         0x000000002000b500      0x400 
                0x000000002000b900                . = ALIGN (0x8)

/DISCARD/
 libc.a(*)
 libm.a(*)
 libgcc.a(*)

.ARM.attributes
                0x0000000000000000       0x30
 *(.ARM.attributes)
 .ARM.attributes
                0x0000000000000000       0x1e /home/user/Документы/AT32IDE/platform/tools/gcc-arm-none-eabi-10.3-2021.10/bin/../lib/gcc/arm-none-eabi/10.3.1/thumb/v7e-m+fp/hard/crti.o
 .ARM.attributes
                0x000000000000001e       0x34 /home/user/Документы/AT32IDE/platform/tools/gcc-arm-none-eabi-10.3-2021.10/bin/../lib/gcc/arm-none-eabi/10.3.1/thumb/v7e-m+fp/hard/crtbegin.o
 .ARM.attributes
                0x0000000000000052       0x34 ./user/hardware/spi/at32_video_ev_spi.o
 .ARM.attributes
                0x0000000000000086       0x34 ./user/hardware/lcd/at32_video_ev_font.o
 .ARM.attributes
                0x00000000000000ba       0x34 ./user/hardware/lcd/at32_video_ev_lcd.o
 .ARM.attributes
                0x00000000000000ee       0x34 ./user/at32f403a_407_clock.o
 .ARM.attributes
                0x0000000000000122       0x34 ./user/at32f403a_407_config.o
 .ARM.attributes
                0x0000000000000156       0x34 ./user/at32f403a_407_int.o
 .ARM.attributes
                0x000000000000018a       0x34 ./user/eeprom.o
 .ARM.attributes
                0x00000000000001be       0x34 ./user/encoder_navigation.o
 .ARM.attributes
                0x00000000000001f2       0x34 ./user/images.o
 .ARM.attributes
                0x0000000000000226       0x34 ./user/main.o
 .ARM.attributes
                0x000000000000025a       0x34 ./user/menu_functions.o
 .ARM.attributes
                0x000000000000028e       0x34 ./user/ssd1306_menu.o
 .ARM.attributes
                0x00000000000002c2       0x34 ./firmware/at32f403a_407_crm.o
 .ARM.attributes
                0x00000000000002f6       0x34 ./firmware/at32f403a_407_dma.o
 .ARM.attributes
                0x000000000000032a       0x34 ./firmware/at32f403a_407_exint.o
 .ARM.attributes
                0x000000000000035e       0x34 ./firmware/at32f403a_407_flash.o
 .ARM.attributes
                0x0000000000000392       0x34 ./firmware/at32f403a_407_gpio.o
 .ARM.attributes
                0x00000000000003c6       0x34 ./firmware/at32f403a_407_misc.o
 .ARM.attributes