17:19:42 **** Clean-only build of configuration Debug for project locus-tester3 ****
make clean 
make: *** Нет правила для сборки цели «clean».  Останов.
"make clean" terminated with exit code 2. Build might be incomplete.
17:19:42 **** Build of configuration Debug for project locus-tester3 ****
make all 
Building file: ../user/at32f403a_407_clock.c
Invoking: GNU Arm Cross C Compiler
arm-none-eabi-gcc -mcpu=cortex-m4 -mthumb -mfloat-abi=hard -mfpu=fpv4-sp-d16 -O0 -ffunction-sections  -g -DAT_START_F403A_V1 -DAT32F403AVGT7 -DUSE_STDPERIPH_DRIVER -I"../include" -I"../include/libraries/drivers/inc" -I"../include/libraries/cmsis/cm4/core_support" -I"../include/libraries/cmsis/cm4/device_support" -std=c99 -MMD -MP -MF"user/at32f403a_407_clock.d" -MT"user/at32f403a_407_clock.o" -c -o "user/at32f403a_407_clock.o" "../user/at32f403a_407_clock.c"
Finished building: ../user/at32f403a_407_clock.c
 
Building file: ../user/at32f403a_407_int.c
Invoking: GNU Arm Cross C Compiler
arm-none-eabi-gcc -mcpu=cortex-m4 -mthumb -mfloat-abi=hard -mfpu=fpv4-sp-d16 -O0 -ffunction-sections  -g -DAT_START_F403A_V1 -DAT32F403AVGT7 -DUSE_STDPERIPH_DRIVER -I"../include" -I"../include/libraries/drivers/inc" -I"../include/libraries/cmsis/cm4/core_support" -I"../include/libraries/cmsis/cm4/device_support" -std=c99 -MMD -MP -MF"user/at32f403a_407_int.d" -MT"user/at32f403a_407_int.o" -c -o "user/at32f403a_407_int.o" "../user/at32f403a_407_int.c"
Finished building: ../user/at32f403a_407_int.c
 
Building file: ../user/main.c
Invoking: GNU Arm Cross C Compiler
arm-none-eabi-gcc -mcpu=cortex-m4 -mthumb -mfloat-abi=hard -mfpu=fpv4-sp-d16 -O0 -ffunction-sections  -g -DAT_START_F403A_V1 -DAT32F403AVGT7 -DUSE_STDPERIPH_DRIVER -I"../include" -I"../include/libraries/drivers/inc" -I"../include/libraries/cmsis/cm4/core_support" -I"../include/libraries/cmsis/cm4/device_support" -std=c99 -MMD -MP -MF"user/main.d" -MT"user/main.o" -c -o "user/main.o" "../user/main.c"
Finished building: ../user/main.c
 
Building file: ../firmware/at32f403a_407_acc.c
Invoking: GNU Arm Cross C Compiler
arm-none-eabi-gcc -mcpu=cortex-m4 -mthumb -mfloat-abi=hard -mfpu=fpv4-sp-d16 -O0 -ffunction-sections  -g -DAT_START_F403A_V1 -DAT32F403AVGT7 -DUSE_STDPERIPH_DRIVER -I"../include" -I"../include/libraries/drivers/inc" -I"../include/libraries/cmsis/cm4/core_support" -I"../include/libraries/cmsis/cm4/device_support" -std=c99 -MMD -MP -MF"firmware/at32f403a_407_acc.d" -MT"firmware/at32f403a_407_acc.o" -c -o "firmware/at32f403a_407_acc.o" "../firmware/at32f403a_407_acc.c"
Finished building: ../firmware/at32f403a_407_acc.c
 
Building file: ../firmware/at32f403a_407_adc.c
Invoking: GNU Arm Cross C Compiler
arm-none-eabi-gcc -mcpu=cortex-m4 -mthumb -mfloat-abi=hard -mfpu=fpv4-sp-d16 -O0 -ffunction-sections  -g -DAT_START_F403A_V1 -DAT32F403AVGT7 -DUSE_STDPERIPH_DRIVER -I"../include" -I"../include/libraries/drivers/inc" -I"../include/libraries/cmsis/cm4/core_support" -I"../include/libraries/cmsis/cm4/device_support" -std=c99 -MMD -MP -MF"firmware/at32f403a_407_adc.d" -MT"firmware/at32f403a_407_adc.o" -c -o "firmware/at32f403a_407_adc.o" "../firmware/at32f403a_407_adc.c"
Finished building: ../firmware/at32f403a_407_adc.c
 
Building file: ../firmware/at32f403a_407_bpr.c
Invoking: GNU Arm Cross C Compiler
arm-none-eabi-gcc -mcpu=cortex-m4 -mthumb -mfloat-abi=hard -mfpu=fpv4-sp-d16 -O0 -ffunction-sections  -g -DAT_START_F403A_V1 -DAT32F403AVGT7 -DUSE_STDPERIPH_DRIVER -I"../include" -I"../include/libraries/drivers/inc" -I"../include/libraries/cmsis/cm4/core_support" -I"../include/libraries/cmsis/cm4/device_support" -std=c99 -MMD -MP -MF"firmware/at32f403a_407_bpr.d" -MT"firmware/at32f403a_407_bpr.o" -c -o "firmware/at32f403a_407_bpr.o" "../firmware/at32f403a_407_bpr.c"
Finished building: ../firmware/at32f403a_407_bpr.c
 
Building file: ../firmware/at32f403a_407_can.c
Invoking: GNU Arm Cross C Compiler
arm-none-eabi-gcc -mcpu=cortex-m4 -mthumb -mfloat-abi=hard -mfpu=fpv4-sp-d16 -O0 -ffunction-sections  -g -DAT_START_F403A_V1 -DAT32F403AVGT7 -DUSE_STDPERIPH_DRIVER -I"../include" -I"../include/libraries/drivers/inc" -I"../include/libraries/cmsis/cm4/core_support" -I"../include/libraries/cmsis/cm4/device_support" -std=c99 -MMD -MP -MF"firmware/at32f403a_407_can.d" -MT"firmware/at32f403a_407_can.o" -c -o "firmware/at32f403a_407_can.o" "../firmware/at32f403a_407_can.c"
Finished building: ../firmware/at32f403a_407_can.c
 
Building file: ../firmware/at32f403a_407_crc.c
Invoking: GNU Arm Cross C Compiler
arm-none-eabi-gcc -mcpu=cortex-m4 -mthumb -mfloat-abi=hard -mfpu=fpv4-sp-d16 -O0 -ffunction-sections  -g -DAT_START_F403A_V1 -DAT32F403AVGT7 -DUSE_STDPERIPH_DRIVER -I"../include" -I"../include/libraries/drivers/inc" -I"../include/libraries/cmsis/cm4/core_support" -I"../include/libraries/cmsis/cm4/device_support" -std=c99 -MMD -MP -MF"firmware/at32f403a_407_crc.d" -MT"firmware/at32f403a_407_crc.o" -c -o "firmware/at32f403a_407_crc.o" "../firmware/at32f403a_407_crc.c"
Finished building: ../firmware/at32f403a_407_crc.c
 
Building file: ../firmware/at32f403a_407_crm.c
Invoking: GNU Arm Cross C Compiler
arm-none-eabi-gcc -mcpu=cortex-m4 -mthumb -mfloat-abi=hard -mfpu=fpv4-sp-d16 -O0 -ffunction-sections  -g -DAT_START_F403A_V1 -DAT32F403AVGT7 -DUSE_STDPERIPH_DRIVER -I"../include" -I"../include/libraries/drivers/inc" -I"../include/libraries/cmsis/cm4/core_support" -I"../include/libraries/cmsis/cm4/device_support" -std=c99 -MMD -MP -MF"firmware/at32f403a_407_crm.d" -MT"firmware/at32f403a_407_crm.o" -c -o "firmware/at32f403a_407_crm.o" "../firmware/at32f403a_407_crm.c"
Finished building: ../firmware/at32f403a_407_crm.c
 
Building file: ../firmware/at32f403a_407_dac.c
Invoking: GNU Arm Cross C Compiler
arm-none-eabi-gcc -mcpu=cortex-m4 -mthumb -mfloat-abi=hard -mfpu=fpv4-sp-d16 -O0 -ffunction-sections  -g -DAT_START_F403A_V1 -DAT32F403AVGT7 -DUSE_STDPERIPH_DRIVER -I"../include" -I"../include/libraries/drivers/inc" -I"../include/libraries/cmsis/cm4/core_support" -I"../include/libraries/cmsis/cm4/device_support" -std=c99 -MMD -MP -MF"firmware/at32f403a_407_dac.d" -MT"firmware/at32f403a_407_dac.o" -c -o "firmware/at32f403a_407_dac.o" "../firmware/at32f403a_407_dac.c"
Finished building: ../firmware/at32f403a_407_dac.c
 
Building file: ../firmware/at32f403a_407_debug.c
Invoking: GNU Arm Cross C Compiler
arm-none-eabi-gcc -mcpu=cortex-m4 -mthumb -mfloat-abi=hard -mfpu=fpv4-sp-d16 -O0 -ffunction-sections  -g -DAT_START_F403A_V1 -DAT32F403AVGT7 -DUSE_STDPERIPH_DRIVER -I"../include" -I"../include/libraries/drivers/inc" -I"../include/libraries/cmsis/cm4/core_support" -I"../include/libraries/cmsis/cm4/device_support" -std=c99 -MMD -MP -MF"firmware/at32f403a_407_debug.d" -MT"firmware/at32f403a_407_debug.o" -c -o "firmware/at32f403a_407_debug.o" "../firmware/at32f403a_407_debug.c"
Finished building: ../firmware/at32f403a_407_debug.c
 
Building file: ../firmware/at32f403a_407_dma.c
Invoking: GNU Arm Cross C Compiler
arm-none-eabi-gcc -mcpu=cortex-m4 -mthumb -mfloat-abi=hard -mfpu=fpv4-sp-d16 -O0 -ffunction-sections  -g -DAT_START_F403A_V1 -DAT32F403AVGT7 -DUSE_STDPERIPH_DRIVER -I"../include" -I"../include/libraries/drivers/inc" -I"../include/libraries/cmsis/cm4/core_support" -I"../include/libraries/cmsis/cm4/device_support" -std=c99 -MMD -MP -MF"firmware/at32f403a_407_dma.d" -MT"firmware/at32f403a_407_dma.o" -c -o "firmware/at32f403a_407_dma.o" "../firmware/at32f403a_407_dma.c"
Finished building: ../firmware/at32f403a_407_dma.c
 
Building file: ../firmware/at32f403a_407_emac.c
Invoking: GNU Arm Cross C Compiler
arm-none-eabi-gcc -mcpu=cortex-m4 -mthumb -mfloat-abi=hard -mfpu=fpv4-sp-d16 -O0 -ffunction-sections  -g -DAT_START_F403A_V1 -DAT32F403AVGT7 -DUSE_STDPERIPH_DRIVER -I"../include" -I"../include/libraries/drivers/inc" -I"../include/libraries/cmsis/cm4/core_support" -I"../include/libraries/cmsis/cm4/device_support" -std=c99 -MMD -MP -MF"firmware/at32f403a_407_emac.d" -MT"firmware/at32f403a_407_emac.o" -c -o "firmware/at32f403a_407_emac.o" "../firmware/at32f403a_407_emac.c"
Finished building: ../firmware/at32f403a_407_emac.c
 
Building file: ../firmware/at32f403a_407_exint.c
Invoking: GNU Arm Cross C Compiler
arm-none-eabi-gcc -mcpu=cortex-m4 -mthumb -mfloat-abi=hard -mfpu=fpv4-sp-d16 -O0 -ffunction-sections  -g -DAT_START_F403A_V1 -DAT32F403AVGT7 -DUSE_STDPERIPH_DRIVER -I"../include" -I"../include/libraries/drivers/inc" -I"../include/libraries/cmsis/cm4/core_support" -I"../include/libraries/cmsis/cm4/device_support" -std=c99 -MMD -MP -MF"firmware/at32f403a_407_exint.d" -MT"firmware/at32f403a_407_exint.o" -c -o "firmware/at32f403a_407_exint.o" "../firmware/at32f403a_407_exint.c"
Finished building: ../firmware/at32f403a_407_exint.c
 
Building file: ../firmware/at32f403a_407_flash.c
Invoking: GNU Arm Cross C Compiler
arm-none-eabi-gcc -mcpu=cortex-m4 -mthumb -mfloat-abi=hard -mfpu=fpv4-sp-d16 -O0 -ffunction-sections  -g -DAT_START_F403A_V1 -DAT32F403AVGT7 -DUSE_STDPERIPH_DRIVER -I"../include" -I"../include/libraries/drivers/inc" -I"../include/libraries/cmsis/cm4/core_support" -I"../include/libraries/cmsis/cm4/device_support" -std=c99 -MMD -MP -MF"firmware/at32f403a_407_flash.d" -MT"firmware/at32f403a_407_flash.o" -c -o "firmware/at32f403a_407_flash.o" "../firmware/at32f403a_407_flash.c"
Finished building: ../firmware/at32f403a_407_flash.c
 
Building file: ../firmware/at32f403a_407_gpio.c
Invoking: GNU Arm Cross C Compiler
arm-none-eabi-gcc -mcpu=cortex-m4 -mthumb -mfloat-abi=hard -mfpu=fpv4-sp-d16 -O0 -ffunction-sections  -g -DAT_START_F403A_V1 -DAT32F403AVGT7 -DUSE_STDPERIPH_DRIVER -I"../include" -I"../include/libraries/drivers/inc" -I"../include/libraries/cmsis/cm4/core_support" -I"../include/libraries/cmsis/cm4/device_support" -std=c99 -MMD -MP -MF"firmware/at32f403a_407_gpio.d" -MT"firmware/at32f403a_407_gpio.o" -c -o "firmware/at32f403a_407_gpio.o" "../firmware/at32f403a_407_gpio.c"
Finished building: ../firmware/at32f403a_407_gpio.c
 
Building file: ../firmware/at32f403a_407_i2c.c
Invoking: GNU Arm Cross C Compiler
arm-none-eabi-gcc -mcpu=cortex-m4 -mthumb -mfloat-abi=hard -mfpu=fpv4-sp-d16 -O0 -ffunction-sections  -g -DAT_START_F403A_V1 -DAT32F403AVGT7 -DUSE_STDPERIPH_DRIVER -I"../include" -I"../include/libraries/drivers/inc" -I"../include/libraries/cmsis/cm4/core_support" -I"../include/libraries/cmsis/cm4/device_support" -std=c99 -MMD -MP -MF"firmware/at32f403a_407_i2c.d" -MT"firmware/at32f403a_407_i2c.o" -c -o "firmware/at32f403a_407_i2c.o" "../firmware/at32f403a_407_i2c.c"
Finished building: ../firmware/at32f403a_407_i2c.c
 
Building file: ../firmware/at32f403a_407_misc.c
Invoking: GNU Arm Cross C Compiler
arm-none-eabi-gcc -mcpu=cortex-m4 -mthumb -mfloat-abi=hard -mfpu=fpv4-sp-d16 -O0 -ffunction-sections  -g -DAT_START_F403A_V1 -DAT32F403AVGT7 -DUSE_STDPERIPH_DRIVER -I"../include" -I"../include/libraries/drivers/inc" -I"../include/libraries/cmsis/cm4/core_support" -I"../include/libraries/cmsis/cm4/device_support" -std=c99 -MMD -MP -MF"firmware/at32f403a_407_misc.d" -MT"firmware/at32f403a_407_misc.o" -c -o "firmware/at32f403a_407_misc.o" "../firmware/at32f403a_407_misc.c"
Finished building: ../firmware/at32f403a_407_misc.c
 
Building file: ../firmware/at32f403a_407_pwc.c
Invoking: GNU Arm Cross C Compiler
arm-none-eabi-gcc -mcpu=cortex-m4 -mthumb -mfloat-abi=hard -mfpu=fpv4-sp-d16 -O0 -ffunction-sections  -g -DAT_START_F403A_V1 -DAT32F403AVGT7 -DUSE_STDPERIPH_DRIVER -I"../include" -I"../include/libraries/drivers/inc" -I"../include/libraries/cmsis/cm4/core_support" -I"../include/libraries/cmsis/cm4/device_support" -std=c99 -MMD -MP -MF"firmware/at32f403a_407_pwc.d" -MT"firmware/at32f403a_407_pwc.o" -c -o "firmware/at32f403a_407_pwc.o" "../firmware/at32f403a_407_pwc.c"
Finished building: ../firmware/at32f403a_407_pwc.c
 
Building file: ../firmware/at32f403a_407_rtc.c
Invoking: GNU Arm Cross C Compiler
arm-none-eabi-gcc -mcpu=cortex-m4 -mthumb -mfloat-abi=hard -mfpu=fpv4-sp-d16 -O0 -ffunction-sections  -g -DAT_START_F403A_V1 -DAT32F403AVGT7 -DUSE_STDPERIPH_DRIVER -I"../include" -I"../include/libraries/drivers/inc" -I"../include/libraries/cmsis/cm4/core_support" -I"../include/libraries/cmsis/cm4/device_support" -std=c99 -MMD -MP -MF"firmware/at32f403a_407_rtc.d" -MT"firmware/at32f403a_407_rtc.o" -c -o "firmware/at32f403a_407_rtc.o" "../firmware/at32f403a_407_rtc.c"
Finished building: ../firmware/at32f403a_407_rtc.c
 
Building file: ../firmware/at32f403a_407_sdio.c
Invoking: GNU Arm Cross C Compiler
arm-none-eabi-gcc -mcpu=cortex-m4 -mthumb -mfloat-abi=hard -mfpu=fpv4-sp-d16 -O0 -ffunction-sections  -g -DAT_START_F403A_V1 -DAT32F403AVGT7 -DUSE_STDPERIPH_DRIVER -I"../include" -I"../include/libraries/drivers/inc" -I"../include/libraries/cmsis/cm4/core_support" -I"../include/libraries/cmsis/cm4/device_support" -std=c99 -MMD -MP -MF"firmware/at32f403a_407_sdio.d" -MT"firmware/at32f403a_407_sdio.o" -c -o "firmware/at32f403a_407_sdio.o" "../firmware/at32f403a_407_sdio.c"
Finished building: ../firmware/at32f403a_407_sdio.c
 
Building file: ../firmware/at32f403a_407_spi.c
Invoking: GNU Arm Cross C Compiler
arm-none-eabi-gcc -mcpu=cortex-m4 -mthumb -mfloat-abi=hard -mfpu=fpv4-sp-d16 -O0 -ffunction-sections  -g -DAT_START_F403A_V1 -DAT32F403AVGT7 -DUSE_STDPERIPH_DRIVER -I"../include" -I"../include/libraries/drivers/inc" -I"../include/libraries/cmsis/cm4/core_support" -I"../include/libraries/cmsis/cm4/device_support" -std=c99 -MMD -MP -MF"firmware/at32f403a_407_spi.d" -MT"firmware/at32f403a_407_spi.o" -c -o "firmware/at32f403a_407_spi.o" "../firmware/at32f403a_407_spi.c"
Finished building: ../firmware/at32f403a_407_spi.c
 
Building file: ../firmware/at32f403a_407_tmr.c
Invoking: GNU Arm Cross C Compiler
arm-none-eabi-gcc -mcpu=cortex-m4 -mthumb -mfloat-abi=hard -mfpu=fpv4-sp-d16 -O0 -ffunction-sections  -g -DAT_START_F403A_V1 -DAT32F403AVGT7 -DUSE_STDPERIPH_DRIVER -I"../include" -I"../include/libraries/drivers/inc" -I"../include/libraries/cmsis/cm4/core_support" -I"../include/libraries/cmsis/cm4/device_support" -std=c99 -MMD -MP -MF"firmware/at32f403a_407_tmr.d" -MT"firmware/at32f403a_407_tmr.o" -c -o "firmware/at32f403a_407_tmr.o" "../firmware/at32f403a_407_tmr.c"
Finished building: ../firmware/at32f403a_407_tmr.c
 
Building file: ../firmware/at32f403a_407_usart.c
Invoking: GNU Arm Cross C Compiler
arm-none-eabi-gcc -mcpu=cortex-m4 -mthumb -mfloat-abi=hard -mfpu=fpv4-sp-d16 -O0 -ffunction-sections  -g -DAT_START_F403A_V1 -DAT32F403AVGT7 -DUSE_STDPERIPH_DRIVER -I"../include" -I"../include/libraries/drivers/inc" -I"../include/libraries/cmsis/cm4/core_support" -I"../include/libraries/cmsis/cm4/device_support" -std=c99 -MMD -MP -MF"firmware/at32f403a_407_usart.d" -MT"firmware/at32f403a_407_usart.o" -c -o "firmware/at32f403a_407_usart.o" "../firmware/at32f403a_407_usart.c"
Finished building: ../firmware/at32f403a_407_usart.c
 
Building file: ../firmware/at32f403a_407_usb.c
Invoking: GNU Arm Cross C Compiler
arm-none-eabi-gcc -mcpu=cortex-m4 -mthumb -mfloat-abi=hard -mfpu=fpv4-sp-d16 -O0 -ffunction-sections  -g -DAT_START_F403A_V1 -DAT32F403AVGT7 -DUSE_STDPERIPH_DRIVER -I"../include" -I"../include/libraries/drivers/inc" -I"../include/libraries/cmsis/cm4/core_support" -I"../include/libraries/cmsis/cm4/device_support" -std=c99 -MMD -MP -MF"firmware/at32f403a_407_usb.d" -MT"firmware/at32f403a_407_usb.o" -c -o "firmware/at32f403a_407_usb.o" "../firmware/at32f403a_407_usb.c"
Finished building: ../firmware/at32f403a_407_usb.c
 
Building file: ../firmware/at32f403a_407_wdt.c
Invoking: GNU Arm Cross C Compiler
arm-none-eabi-gcc -mcpu=cortex-m4 -mthumb -mfloat-abi=hard -mfpu=fpv4-sp-d16 -O0 -ffunction-sections  -g -DAT_START_F403A_V1 -DAT32F403AVGT7 -DUSE_STDPERIPH_DRIVER -I"../include" -I"../include/libraries/drivers/inc" -I"../include/libraries/cmsis/cm4/core_support" -I"../include/libraries/cmsis/cm4/device_support" -std=c99 -MMD -MP -MF"firmware/at32f403a_407_wdt.d" -MT"firmware/at32f403a_407_wdt.o" -c -o "firmware/at32f403a_407_wdt.o" "../firmware/at32f403a_407_wdt.c"
Finished building: ../firmware/at32f403a_407_wdt.c
 
Building file: ../firmware/at32f403a_407_wwdt.c
Invoking: GNU Arm Cross C Compiler
arm-none-eabi-gcc -mcpu=cortex-m4 -mthumb -mfloat-abi=hard -mfpu=fpv4-sp-d16 -O0 -ffunction-sections  -g -DAT_START_F403A_V1 -DAT32F403AVGT7 -DUSE_STDPERIPH_DRIVER -I"../include" -I"../include/libraries/drivers/inc" -I"../include/libraries/cmsis/cm4/core_support" -I"../include/libraries/cmsis/cm4/device_support" -std=c99 -MMD -MP -MF"firmware/at32f403a_407_wwdt.d" -MT"firmware/at32f403a_407_wwdt.o" -c -o "firmware/at32f403a_407_wwdt.o" "../firmware/at32f403a_407_wwdt.c"
Finished building: ../firmware/at32f403a_407_wwdt.c
 
Building file: ../firmware/at32f403a_407_xmc.c
Invoking: GNU Arm Cross C Compiler
arm-none-eabi-gcc -mcpu=cortex-m4 -mthumb -mfloat-abi=hard -mfpu=fpv4-sp-d16 -O0 -ffunction-sections  -g -DAT_START_F403A_V1 -DAT32F403AVGT7 -DUSE_STDPERIPH_DRIVER -I"../include" -I"../include/libraries/drivers/inc" -I"../include/libraries/cmsis/cm4/core_support" -I"../include/libraries/cmsis/cm4/device_support" -std=c99 -MMD -MP -MF"firmware/at32f403a_407_xmc.d" -MT"firmware/at32f403a_407_xmc.o" -c -o "firmware/at32f403a_407_xmc.o" "../firmware/at32f403a_407_xmc.c"
Finished building: ../firmware/at32f403a_407_xmc.c
 
Building file: ../cmsis/startup_at32f403a_407.s
Invoking: GNU Arm Cross Assembler
arm-none-eabi-gcc -mcpu=cortex-m4 -mthumb -mfloat-abi=hard -mfpu=fpv4-sp-d16 -O0 -ffunction-sections  -g -x assembler-with-cpp -MMD -MP -MF"cmsis/startup_at32f403a_407.d" -MT"cmsis/startup_at32f403a_407.o" -c -o "cmsis/startup_at32f403a_407.o" "../cmsis/startup_at32f403a_407.s"
Finished building: ../cmsis/startup_at32f403a_407.s
 
Building file: ../cmsis/system_at32f403a_407.c
Invoking: GNU Arm Cross C Compiler
arm-none-eabi-gcc -mcpu=cortex-m4 -mthumb -mfloat-abi=hard -mfpu=fpv4-sp-d16 -O0 -ffunction-sections  -g -DAT_START_F403A_V1 -DAT32F403AVGT7 -DUSE_STDPERIPH_DRIVER -I"../include" -I"../include/libraries/drivers/inc" -I"../include/libraries/cmsis/cm4/core_support" -I"../include/libraries/cmsis/cm4/device_support" -std=c99 -MMD -MP -MF"cmsis/system_at32f403a_407.d" -MT"cmsis/system_at32f403a_407.o" -c -o "cmsis/system_at32f403a_407.o" "../cmsis/system_at32f403a_407.c"
Finished building: ../cmsis/system_at32f403a_407.c
 
Building file: ../bsp/at32f403a_407_board.c
Invoking: GNU Arm Cross C Compiler
arm-none-eabi-gcc -mcpu=cortex-m4 -mthumb -mfloat-abi=hard -mfpu=fpv4-sp-d16 -O0 -ffunction-sections  -g -DAT_START_F403A_V1 -DAT32F403AVGT7 -DUSE_STDPERIPH_DRIVER -I"../include" -I"../include/libraries/drivers/inc" -I"../include/libraries/cmsis/cm4/core_support" -I"../include/libraries/cmsis/cm4/device_support" -std=c99 -MMD -MP -MF"bsp/at32f403a_407_board.d" -MT"bsp/at32f403a_407_board.o" -c -o "bsp/at32f403a_407_board.o" "../bsp/at32f403a_407_board.c"
Finished building: ../bsp/at32f403a_407_board.c
 
Building target: locus-tester3.elf
Invoking: GNU Arm Cross C++ Linker
arm-none-eabi-g++ -mcpu=cortex-m4 -mthumb -mfloat-abi=hard -mfpu=fpv4-sp-d16 -O0 -ffunction-sections  -g -T "/home/user/Документы/AT32-projects/locus-tester3/ldscripts/AT32F403AxG_FLASH.ld" -Xlinker --gc-sections -Wl,-Map,"locus-tester3.map" --specs=nano.specs --specs=nosys.specs -o "locus-tester3.elf" ./user/at32f403a_407_clock.o ./user/at32f403a_407_int.o ./user/main.o  ./firmware/at32f403a_407_acc.o ./firmware/at32f403a_407_adc.o ./firmware/at32f403a_407_bpr.o ./firmware/at32f403a_407_can.o ./firmware/at32f403a_407_crc.o ./firmware/at32f403a_407_crm.o ./firmware/at32f403a_407_dac.o ./firmware/at32f403a_407_debug.o ./firmware/at32f403a_407_dma.o ./firmware/at32f403a_407_emac.o ./firmware/at32f403a_407_exint.o ./firmware/at32f403a_407_flash.o ./firmware/at32f403a_407_gpio.o ./firmware/at32f403a_407_i2c.o ./firmware/at32f403a_407_misc.o ./firmware/at32f403a_407_pwc.o ./firmware/at32f403a_407_rtc.o ./firmware/at32f403a_407_sdio.o ./firmware/at32f403a_407_spi.o ./firmware/at32f403a_407_tmr.o ./firmware/at32f403a_407_usart.o ./firmware/at32f403a_407_usb.o ./firmware/at32f403a_407_wdt.o ./firmware/at32f403a_407_wwdt.o ./firmware/at32f403a_407_xmc.o  ./cmsis/startup_at32f403a_407.o ./cmsis/system_at32f403a_407.o  ./bsp/at32f403a_407_board.o   
Finished building target: locus-tester3.elf
 
Invoking: GNU Arm Cross Create Flash Image
arm-none-eabi-objcopy -O ihex "locus-tester3.elf"  "locus-tester3.hex"
Finished building: locus-tester3.hex
 
Invoking: GNU Arm Cross Print Size
arm-none-eabi-size --format=berkeley "locus-tester3.elf"
   text	   data	    bss	    dec	    hex	filename
   4744	     52	   1572	   6368	   18e0	locus-tester3.elf
Finished building: locus-tester3.siz
 
17:20:25 **** Incremental Build of configuration Debug for project locus-tester3 ****
make all 
Invoking: GNU Arm Cross Print Size
arm-none-eabi-size --format=berkeley "locus-tester3.elf"
   text	   data	    bss	    dec	    hex	filename
   4744	     52	   1572	   6368	   18e0	locus-tester3.elf
Finished building: locus-tester3.siz
 
